Archive member included to satisfy reference by file (symbol)

f:/stm32cubeide_1.7.0/stm32cubeide/plugins/com.st.stm32cube.ide.mcu.externaltools.gnu-tools-for-stm32.9-2020-q2-update.win32_2.0.0.202105311346/tools/bin/../lib/gcc/arm-none-eabi/9.3.1/../../../../arm-none-eabi/lib/thumb/v7-m/nofp\libc_nano.a(lib_a-errno.o)
                              ./Core/Src/syscalls.o (__errno)
f:/stm32cubeide_1.7.0/stm32cubeide/plugins/com.st.stm32cube.ide.mcu.externaltools.gnu-tools-for-stm32.9-2020-q2-update.win32_2.0.0.202105311346/tools/bin/../lib/gcc/arm-none-eabi/9.3.1/../../../../arm-none-eabi/lib/thumb/v7-m/nofp\libc_nano.a(lib_a-exit.o)
                              f:/stm32cubeide_1.7.0/stm32cubeide/plugins/com.st.stm32cube.ide.mcu.externaltools.gnu-tools-for-stm32.9-2020-q2-update.win32_2.0.0.202105311346/tools/bin/../lib/gcc/arm-none-eabi/9.3.1/../../../../arm-none-eabi/lib/thumb/v7-m/nofp/crt0.o (exit)
f:/stm32cubeide_1.7.0/stm32cubeide/plugins/com.st.stm32cube.ide.mcu.externaltools.gnu-tools-for-stm32.9-2020-q2-update.win32_2.0.0.202105311346/tools/bin/../lib/gcc/arm-none-eabi/9.3.1/../../../../arm-none-eabi/lib/thumb/v7-m/nofp\libc_nano.a(lib_a-impure.o)
                              f:/stm32cubeide_1.7.0/stm32cubeide/plugins/com.st.stm32cube.ide.mcu.externaltools.gnu-tools-for-stm32.9-2020-q2-update.win32_2.0.0.202105311346/tools/bin/../lib/gcc/arm-none-eabi/9.3.1/../../../../arm-none-eabi/lib/thumb/v7-m/nofp\libc_nano.a(lib_a-exit.o) (_global_impure_ptr)
f:/stm32cubeide_1.7.0/stm32cubeide/plugins/com.st.stm32cube.ide.mcu.externaltools.gnu-tools-for-stm32.9-2020-q2-update.win32_2.0.0.202105311346/tools/bin/../lib/gcc/arm-none-eabi/9.3.1/../../../../arm-none-eabi/lib/thumb/v7-m/nofp\libc_nano.a(lib_a-init.o)
                              f:/stm32cubeide_1.7.0/stm32cubeide/plugins/com.st.stm32cube.ide.mcu.externaltools.gnu-tools-for-stm32.9-2020-q2-update.win32_2.0.0.202105311346/tools/bin/../lib/gcc/arm-none-eabi/9.3.1/../../../../arm-none-eabi/lib/thumb/v7-m/nofp/crt0.o (__libc_init_array)
f:/stm32cubeide_1.7.0/stm32cubeide/plugins/com.st.stm32cube.ide.mcu.externaltools.gnu-tools-for-stm32.9-2020-q2-update.win32_2.0.0.202105311346/tools/bin/../lib/gcc/arm-none-eabi/9.3.1/../../../../arm-none-eabi/lib/thumb/v7-m/nofp\libc_nano.a(lib_a-memset.o)
                              f:/stm32cubeide_1.7.0/stm32cubeide/plugins/com.st.stm32cube.ide.mcu.externaltools.gnu-tools-for-stm32.9-2020-q2-update.win32_2.0.0.202105311346/tools/bin/../lib/gcc/arm-none-eabi/9.3.1/../../../../arm-none-eabi/lib/thumb/v7-m/nofp/crt0.o (memset)
f:/stm32cubeide_1.7.0/stm32cubeide/plugins/com.st.stm32cube.ide.mcu.externaltools.gnu-tools-for-stm32.9-2020-q2-update.win32_2.0.0.202105311346/tools/bin/../lib/gcc/arm-none-eabi/9.3.1/../../../../arm-none-eabi/lib/thumb/v7-m/nofp\libc_nano.a(lib_a-sprintf.o)
                              ./Core/Src/FSM_UART.o (sprintf)
f:/stm32cubeide_1.7.0/stm32cubeide/plugins/com.st.stm32cube.ide.mcu.externaltools.gnu-tools-for-stm32.9-2020-q2-update.win32_2.0.0.202105311346/tools/bin/../lib/gcc/arm-none-eabi/9.3.1/../../../../arm-none-eabi/lib/thumb/v7-m/nofp\libc_nano.a(lib_a-nano-svfprintf.o)
                              f:/stm32cubeide_1.7.0/stm32cubeide/plugins/com.st.stm32cube.ide.mcu.externaltools.gnu-tools-for-stm32.9-2020-q2-update.win32_2.0.0.202105311346/tools/bin/../lib/gcc/arm-none-eabi/9.3.1/../../../../arm-none-eabi/lib/thumb/v7-m/nofp\libc_nano.a(lib_a-sprintf.o) (_svfprintf_r)
f:/stm32cubeide_1.7.0/stm32cubeide/plugins/com.st.stm32cube.ide.mcu.externaltools.gnu-tools-for-stm32.9-2020-q2-update.win32_2.0.0.202105311346/tools/bin/../lib/gcc/arm-none-eabi/9.3.1/../../../../arm-none-eabi/lib/thumb/v7-m/nofp\libc_nano.a(lib_a-nano-vfprintf_i.o)
                              f:/stm32cubeide_1.7.0/stm32cubeide/plugins/com.st.stm32cube.ide.mcu.externaltools.gnu-tools-for-stm32.9-2020-q2-update.win32_2.0.0.202105311346/tools/bin/../lib/gcc/arm-none-eabi/9.3.1/../../../../arm-none-eabi/lib/thumb/v7-m/nofp\libc_nano.a(lib_a-nano-svfprintf.o) (_printf_i)
f:/stm32cubeide_1.7.0/stm32cubeide/plugins/com.st.stm32cube.ide.mcu.externaltools.gnu-tools-for-stm32.9-2020-q2-update.win32_2.0.0.202105311346/tools/bin/../lib/gcc/arm-none-eabi/9.3.1/../../../../arm-none-eabi/lib/thumb/v7-m/nofp\libc_nano.a(lib_a-memchr-stub.o)
                              f:/stm32cubeide_1.7.0/stm32cubeide/plugins/com.st.stm32cube.ide.mcu.externaltools.gnu-tools-for-stm32.9-2020-q2-update.win32_2.0.0.202105311346/tools/bin/../lib/gcc/arm-none-eabi/9.3.1/../../../../arm-none-eabi/lib/thumb/v7-m/nofp\libc_nano.a(lib_a-nano-svfprintf.o) (memchr)
f:/stm32cubeide_1.7.0/stm32cubeide/plugins/com.st.stm32cube.ide.mcu.externaltools.gnu-tools-for-stm32.9-2020-q2-update.win32_2.0.0.202105311346/tools/bin/../lib/gcc/arm-none-eabi/9.3.1/../../../../arm-none-eabi/lib/thumb/v7-m/nofp\libc_nano.a(lib_a-memcpy-stub.o)
[...]
Memory Configuration

Name             Origin             Length             Attributes
RAM              0x0000000020000000 0x0000000000010000 xrw
FLASH            0x0000000008000000 0x0000000000080000 xr
*default*        0x0000000000000000 0xffffffffffffffff

Linker script and memory map

LOAD f:/stm32cubeide_1.7.0/stm32cubeide/plugins/com.st.stm32cube.ide.mcu.externaltools.gnu-tools-for-stm32.9-2020-q2-update.win32_2.0.0.202105311346/tools/bin/../lib/gcc/arm-none-eabi/9.3.1/thumb/v7-m/nofp/crti.o
LOAD f:/stm32cubeide_1.7.0/stm32cubeide/plugins/com.st.stm32cube.ide.mcu.externaltools.gnu-tools-for-stm32.9-2020-q2-update.win32_2.0.0.202105311346/tools/bin/../lib/gcc/arm-none-eabi/9.3.1/thumb/v7-m/nofp/crtbegin.o
LOAD f:/stm32cubeide_1.7.0/stm32cubeide/plugins/com.st.stm32cube.ide.mcu.externaltools.gnu-tools-for-stm32.9-2020-q2-update.win32_2.0.0.202105311346/tools/bin/../lib/gcc/arm-none-eabi/9.3.1/../../../../arm-none-eabi/lib/thumb/v7-m/nofp/crt0.o
LOAD ./Core/Src/A_SINGLE_LED_DEBUGGING.o
LOAD ./Core/Src/FSM_UART.o
LOAD ./Core/Src/LED_SERIES_PROCESSING.o
LOAD ./Core/Src/app_i2c.o
LOAD ./Core/Src/app_i2c_lcd.o
LOAD ./Core/Src/global.o
LOAD ./Core/Src/main.o
LOAD ./Core/Src/stm32f1xx_hal_msp.o
LOAD ./Core/Src/stm32f1xx_it.o
LOAD ./Core/Src/syscalls.o
LOAD ./Core/Src/sysmem.o
LOAD ./Core/Src/system_stm32f1xx.o
LOAD ./Core/Startup/startup_stm32f103retx.o
LOAD ./Drivers/STM32F1xx_HAL_Driver/Src/stm32f1xx_hal.o
LOAD ./Drivers/STM32F1xx_HAL_Driver/Src/stm32f1xx_hal_cortex.o
LOAD ./Drivers/STM32F1xx_HAL_Driver/Src/stm32f1xx_hal_dma.o
LOAD ./Drivers/STM32F1xx_HAL_Driver/Src/stm32f1xx_hal_exti.o
LOAD ./Drivers/STM32F1xx_HAL_Driver/Src/stm32f1xx_hal_flash.o
LOAD ./Drivers/STM32F1xx_HAL_Driver/Src/stm32f1xx_hal_flash_ex.o
LOAD ./Drivers/STM32F1xx_HAL_Driver/Src/stm32f1xx_hal_gpio.o
LOAD ./Drivers/STM32F1xx_HAL_Driver/Src/stm32f1xx_hal_gpio_ex.o
LOAD ./Drivers/STM32F1xx_HAL_Driver/Src/stm32f1xx_hal_i2c.o
LOAD ./Drivers/STM32F1xx_HAL_Driver/Src/stm32f1xx_hal_pwr.o
LOAD ./Drivers/STM32F1xx_HAL_Driver/Src/stm32f1xx_hal_rcc.o
LOAD ./Drivers/STM32F1xx_HAL_Driver/Src/stm32f1xx_hal_rcc_ex.o
LOAD ./Drivers/STM32F1xx_HAL_Driver/Src/stm32f1xx_hal_tim.o
LOAD ./Drivers/STM32F1xx_HAL_Driver/Src/stm32f1xx_hal_tim_ex.o
LOAD ./Drivers/STM32F1xx_HAL_Driver/Src/stm32f1xx_hal_uart.o
START GROUP
LOAD f:/stm32cubeide_1.7.0/stm32cubeide/plugins/com.st.stm32cube.ide.mcu.externaltools.gnu-tools-for-stm32.9-2020-q2-update.win32_2.0.0.202105311346/tools/bin/../lib/gcc/arm-none-eabi/9.3.1/../../../../arm-none-eabi/lib/thumb/v7-m/nofp\libc_nano.a
LOAD f:/stm32cubeide_1.7.0/stm32cubeide/plugins/com.st.stm32cube.ide.mcu.externaltools.gnu-tools-for-stm32.9-2020-q2-update.win32_2.0.0.202105311346/tools/bin/../lib/gcc/arm-none-eabi/9.3.1/../../../../arm-none-eabi/lib/thumb/v7-m/nofp\libm.a
END GROUP
START GROUP
LOAD f:/stm32cubeide_1.7.0/stm32cubeide/plugins/com.st.stm32cube.ide.mcu.externaltools.gnu-tools-for-stm32.9-2020-q2-update.win32_2.0.0.202105311346/tools/bin/../lib/gcc/arm-none-eabi/9.3.1/thumb/v7-m/nofp\libgcc.a
LOAD f:/stm32cubeide_1.7.0/stm32cubeide/plugins/com.st.stm32cube.ide.mcu.externaltools.gnu-tools-for-stm32.9-2020-q2-update.win32_2.0.0.202105311346/tools/bin/../lib/gcc/arm-none-eabi/9.3.1/../../../../arm-none-eabi/lib/thumb/v7-m/nofp\libc_nano.a
END GROUP
START GROUP
LOAD f:/stm32cubeide_1.7.0/stm32cubeide/plugins/com.st.stm32cube.ide.mcu.externaltools.gnu-tools-for-stm32.9-2020-q2-update.win32_2.0.0.202105311346/tools/bin/../lib/gcc/arm-none-eabi/9.3.1/thumb/v7-m/nofp\libgcc.a
LOAD f:/stm32cubeide_1.7.0/stm32cubeide/plugins/com.st.stm32cube.ide.mcu.externaltools.gnu-tools-for-stm32.9-2020-q2-update.win32_2.0.0.202105311346/tools/bin/../lib/gcc/arm-none-eabi/9.3.1/../../../../arm-none-eabi/lib/thumb/v7-m/nofp\libc_nano.a
LOAD f:/stm32cubeide_1.7.0/stm32cubeide/plugins/com.st.stm32cube.ide.mcu.externaltools.gnu-tools-for-stm32.9-2020-q2-update.win32_2.0.0.202105311346/tools/bin/../lib/gcc/arm-none-eabi/9.3.1/../../../../arm-none-eabi/lib/thumb/v7-m/nofp\libnosys.a
END GROUP
START GROUP
LOAD f:/stm32cubeide_1.7.0/stm32cubeide/plugins/com.st.stm32cube.ide.mcu.externaltools.gnu-tools-for-stm32.9-2020-q2-update.win32_2.0.0.202105311346/tools/bin/../lib/gcc/arm-none-eabi/9.3.1/thumb/v7-m/nofp\libgcc.a
LOAD f:/stm32cubeide_1.7.0/stm32cubeide/plugins/com.st.stm32cube.ide.mcu.externaltools.gnu-tools-for-stm32.9-2020-q2-update.win32_2.0.0.202105311346/tools/bin/../lib/gcc/arm-none-eabi/9.3.1/../../../../arm-none-eabi/lib/thumb/v7-m/nofp\libc_nano.a
LOAD f:/stm32cubeide_1.7.0/stm32cubeide/plugins/com.st.stm32cube.ide.mcu.externaltools.gnu-tools-for-stm32.9-2020-q2-update.win32_2.0.0.202105311346/tools/bin/../lib/gcc/arm-none-eabi/9.3.1/../../../../arm-none-eabi/lib/thumb/v7-m/nofp\libnosys.a
END GROUP
LOAD f:/stm32cubeide_1.7.0/stm32cubeide/plugins/com.st.stm32cube.ide.mcu.externaltools.gnu-tools-for-stm32.9-2020-q2-update.win32_2.0.0.202105311346/tools/bin/../lib/gcc/arm-none-eabi/9.3.1/thumb/v7-m/nofp/crtend.o
LOAD f:/stm32cubeide_1.7.0/stm32cubeide/plugins/com.st.stm32cube.ide.mcu.externaltools.gnu-tools-for-stm32.9-2020-q2-update.win32_2.0.0.202105311346/tools/bin/../lib/gcc/arm-none-eabi/9.3.1/thumb/v7-m/nofp/crtn.o
                0x0000000020010000                _estack = (ORIGIN (RAM) + LENGTH (RAM))
                0x0000000000000200                _Min_Heap_Size = 0x200
                0x0000000000000400                _Min_Stack_Size = 0x400

.isr_vector     0x0000000008000000      0x1e4
                0x0000000008000000                . = ALIGN (0x4)
 *(.isr_vector)
 .isr_vector    0x0000000008000000      0x1e4 ./Core/Startup/startup_stm32f103retx.o
                0x0000000008000000                g_pfnVectors
                0x00000000080001e4                . = ALIGN (0x4)

.text           0x00000000080001e4     0x4a18
                0x00000000080001e4                . = ALIGN (0x4)
 *(.text)
 .text          0x00000000080001e4       0x40 f:/stm32cubeide_1.7.0/stm32cubeide/plugins/com.st.stm32cube.ide.mcu.externaltools.gnu-tools-for-stm32.9-2020-q2-update.win32_2.0.0.202105311346/tools/bin/../lib/gcc/arm-none-eabi/9.3.1/thumb/v7-m/nofp/crtbegin.o
 *(.text*)
 .text.interruptServiceForDisplaySingleLED
                0x0000000008000224       0x38 ./Core/Src/A_SINGLE_LED_DEBUGGING.o
                0x0000000008000224                interruptServiceForDisplaySingleLED
 .text.isEqualToGo
                0x000000000800025c       0x20 ./Core/Src/FSM_UART.o
                0x000000000800025c                isEqualToGo
 .text.isEqualToGreen
                0x000000000800027c       0x20 ./Core/Src/FSM_UART.o
                0x000000000800027c                isEqualToGreen
 .text.isEqualToYellow
                0x000000000800029c       0x20 ./Core/Src/FSM_UART.o
                0x000000000800029c                isEqualToYellow
 .text.isEqualToStop
                0x00000000080002bc       0x20 ./Core/Src/FSM_UART.o
                0x00000000080002bc                isEqualToStop
 .text.fsm_communication
                0x00000000080002dc      0x448 ./Core/Src/FSM_UART.o
                0x00000000080002dc                fsm_communication
 .text.resetCounter
                0x0000000008000724       0x94 ./Core/Src/LED_SERIES_PROCESSING.o
                0x0000000008000724                resetCounter
 .text.Latch_Enable
                0x00000000080007b8       0x18 ./Core/Src/LED_SERIES_PROCESSING.o
                0x00000000080007b8                Latch_Enable
 .text.Latch_Disable
                0x00000000080007d0       0x34 ./Core/Src/LED_SERIES_PROCESSING.o
                0x00000000080007d0                Latch_Disable
 .text.Output_Enable
                0x0000000008000804       0x18 ./Core/Src/LED_SERIES_PROCESSING.o
                0x0000000008000804                Output_Enable
 .text.CLock_ON
                0x000000000800081c       0x34 ./Core/Src/LED_SERIES_PROCESSING.o
                0x000000000800081c                CLock_ON
 .text.CLock_OFF
                0x0000000008000850       0x34 ./Core/Src/LED_SERIES_PROCESSING.o
                0x0000000008000850                CLock_OFF
 .text.Data_Out
                0x0000000008000884       0x24 ./Core/Src/LED_SERIES_PROCESSING.o
                0x0000000008000884                Data_Out
 .text.turnOffAllLED
                0x00000000080008a8       0x3c ./Core/Src/LED_SERIES_PROCESSING.o
                0x00000000080008a8                turnOffAllLED
 .text.LED_Display
                0x00000000080008e4       0x60 ./Core/Src/LED_SERIES_PROCESSING.o
                0x00000000080008e4                LED_Display
 .text.interruptServiceForDisplayLEDsSeries
                0x0000000008000944      0x138 ./Core/Src/LED_SERIES_PROCESSING.o
                0x0000000008000944                interruptServiceForDisplayLEDsSeries
 .text.interruptServiceForDisplayGREENLEDsSeries
                0x0000000008000a7c       0x60 ./Core/Src/LED_SERIES_PROCESSING.o
                0x0000000008000a7c                interruptServiceForDisplayGREENLEDsSeries
 .text.interruptServiceForDisplayYELLOWLEDsSeries
                0x0000000008000adc       0x60 ./Core/Src/LED_SERIES_PROCESSING.o
                0x0000000008000adc                interruptServiceForDisplayYELLOWLEDsSeries
 .text.I2C_Init
                0x0000000008000b3c       0x60 ./Core/Src/app_i2c.o
                0x0000000008000b3c                I2C_Init
 .text.FaBoLCD_PCF8574
                0x0000000008000b9c       0x58 ./Core/Src/app_i2c_lcd.o
                0x0000000008000b9c                FaBoLCD_PCF8574
 .text.init     0x0000000008000bf4       0x18 ./Core/Src/app_i2c_lcd.o
                0x0000000008000bf4                init
 .text.begin    0x0000000008000c0c       0xd8 ./Core/Src/app_i2c_lcd.o
                0x0000000008000c0c                begin
 .text.setRowOffsets
                0x0000000008000ce4       0x3c ./Core/Src/app_i2c_lcd.o
                0x0000000008000ce4                setRowOffsets
 .text.clear    0x0000000008000d20       0x14 ./Core/Src/app_i2c_lcd.o
                0x0000000008000d20                clear
 .text.setCursor
                0x0000000008000d34       0x64 ./Core/Src/app_i2c_lcd.o
                0x0000000008000d34                setCursor
 .text.display  0x0000000008000d98       0x2c ./Core/Src/app_i2c_lcd.o
                0x0000000008000d98                display
 .text.command  0x0000000008000dc4       0x1c ./Core/Src/app_i2c_lcd.o
                0x0000000008000dc4                command
 .text.write    0x0000000008000de0       0x1e ./Core/Src/app_i2c_lcd.o
                0x0000000008000de0                write
 .text.send     0x0000000008000dfe       0x42 ./Core/Src/app_i2c_lcd.o
                0x0000000008000dfe                send
 .text.pulseEnable
                0x0000000008000e40       0x4e ./Core/Src/app_i2c_lcd.o
                0x0000000008000e40                pulseEnable
 .text.write4bits
                0x0000000008000e8e       0x22 ./Core/Src/app_i2c_lcd.o
                0x0000000008000e8e                write4bits
 .text.writeI2c
                0x0000000008000eb0       0x44 ./Core/Src/app_i2c_lcd.o
                0x0000000008000eb0                writeI2c
 .text.Lcd_Initialization
                0x0000000008000ef4        0xe ./Core/Src/app_i2c_lcd.o
                0x0000000008000ef4                Lcd_Initialization
 .text.Lcd_Send_Cmd
                0x0000000008000f02       0x1a ./Core/Src/app_i2c_lcd.o
                0x0000000008000f02                Lcd_Send_Cmd
 .text.Lcd_Send_Data
                0x0000000008000f1c       0x1a ./Core/Src/app_i2c_lcd.o
                0x0000000008000f1c                Lcd_Send_Data
 .text.Lcd_Send_String
                0x0000000008000f36       0x2a ./Core/Src/app_i2c_lcd.o
                0x0000000008000f36                Lcd_Send_String
 .text.Lcd_Clear_Display
                0x0000000008000f60        0xe ./Core/Src/app_i2c_lcd.o
                0x0000000008000f60                Lcd_Clear_Display
 .text.Lcd_Goto_XY
                0x0000000008000f6e       0x22 ./Core/Src/app_i2c_lcd.o
                0x0000000008000f6e                Lcd_Goto_XY
 .text.HAL_UART_RxCpltCallback
                0x0000000008000f90       0x3c ./Core/Src/main.o
                0x0000000008000f90                HAL_UART_RxCpltCallback
 .text.main     0x0000000008000fcc       0x5c ./Core/Src/main.o
                0x0000000008000fcc                main
 .text.SystemClock_Config
                0x0000000008001028       0x76 ./Core/Src/main.o
                0x0000000008001028                SystemClock_Config
 *fill*         0x000000000800109e        0x2 
 .text.MX_I2C1_Init
                0x00000000080010a0       0x5c ./Core/Src/main.o
 .text.MX_TIM2_Init
                0x00000000080010fc       0x98 ./Core/Src/main.o
 .text.MX_USART3_UART_Init
                0x0000000008001194       0x54 ./Core/Src/main.o
 .text.MX_GPIO_Init
                0x00000000080011e8      0x100 ./Core/Src/main.o
 .text.HAL_TIM_PeriodElapsedCallback
                0x00000000080012e8       0x40 ./Core/Src/main.o
                0x00000000080012e8                HAL_TIM_PeriodElapsedCallback
 .text.Error_Handler
                0x0000000008001328        0xa ./Core/Src/main.o
                0x0000000008001328                Error_Handler
 *fill*         0x0000000008001332        0x2 
 .text.HAL_MspInit
                0x0000000008001334       0x64 ./Core/Src/stm32f1xx_hal_msp.o
                0x0000000008001334                HAL_MspInit
 .text.HAL_I2C_MspInit
                0x0000000008001398       0x7c ./Core/Src/stm32f1xx_hal_msp.o
                0x0000000008001398                HAL_I2C_MspInit
 .text.HAL_TIM_Base_MspInit
                0x0000000008001414       0x48 ./Core/Src/stm32f1xx_hal_msp.o
                0x0000000008001414                HAL_TIM_Base_MspInit
 .text.HAL_UART_MspInit
                0x000000000800145c       0xa8 ./Core/Src/stm32f1xx_hal_msp.o
                0x000000000800145c                HAL_UART_MspInit
 .text.NMI_Handler
                0x0000000008001504        0x6 ./Core/Src/stm32f1xx_it.o
                0x0000000008001504                NMI_Handler
 .text.HardFault_Handler
                0x000000000800150a        0x6 ./Core/Src/stm32f1xx_it.o
                0x000000000800150a                HardFault_Handler
 .text.MemManage_Handler
                0x0000000008001510        0x6 ./Core/Src/stm32f1xx_it.o
                0x0000000008001510                MemManage_Handler
 .text.BusFault_Handler
                0x0000000008001516        0x6 ./Core/Src/stm32f1xx_it.o
                0x0000000008001516                BusFault_Handler
 .text.UsageFault_Handler
                0x000000000800151c        0x6 ./Core/Src/stm32f1xx_it.o
                0x000000000800151c                UsageFault_Handler
 .text.SVC_Handler
                0x0000000008001522        0xc ./Core/Src/stm32f1xx_it.o
                0x0000000008001522                SVC_Handler
 .text.DebugMon_Handler
                0x000000000800152e        0xc ./Core/Src/stm32f1xx_it.o
                0x000000000800152e                DebugMon_Handler
 .text.PendSV_Handler
                0x000000000800153a        0xc ./Core/Src/stm32f1xx_it.o
                0x000000000800153a                PendSV_Handler
 .text.SysTick_Handler
                0x0000000008001546        0xc ./Core/Src/stm32f1xx_it.o
                0x0000000008001546                SysTick_Handler
 *fill*         0x0000000008001552        0x2 
 .text.TIM2_IRQHandler
                0x0000000008001554       0x14 ./Core/Src/stm32f1xx_it.o
                0x0000000008001554                TIM2_IRQHandler
 .text.USART3_IRQHandler
                0x0000000008001568       0x14 ./Core/Src/stm32f1xx_it.o
                0x0000000008001568                USART3_IRQHandler
 .text._sbrk    0x000000000800157c       0x6c ./Core/Src/sysmem.o
                0x000000000800157c                _sbrk
 .text.SystemInit
                0x00000000080015e8        0xc ./Core/Src/system_stm32f1xx.o
                0x00000000080015e8                SystemInit
 .text.Reset_Handler
                0x00000000080015f4       0x48 ./Core/Startup/startup_stm32f103retx.o
                0x00000000080015f4                Reset_Handler
 .text.Default_Handler
                0x000000000800163c        0x2 ./Core/Startup/startup_stm32f103retx.o
                0x000000000800163c                RTC_Alarm_IRQHandler
                0x000000000800163c                EXTI2_IRQHandler
                0x000000000800163c                TIM8_TRG_COM_IRQHandler
                0x000000000800163c                TIM8_CC_IRQHandler
                0x000000000800163c                TIM1_CC_IRQHandler
                0x000000000800163c                TIM6_IRQHandler
                0x000000000800163c                PVD_IRQHandler
                0x000000000800163c                SDIO_IRQHandler
                0x000000000800163c                EXTI3_IRQHandler
                0x000000000800163c                EXTI0_IRQHandler
                0x000000000800163c                I2C2_EV_IRQHandler
                0x000000000800163c                ADC1_2_IRQHandler
                0x000000000800163c                SPI1_IRQHandler
                0x000000000800163c                TAMPER_IRQHandler
                0x000000000800163c                TIM8_UP_IRQHandler
                0x000000000800163c                DMA2_Channel2_IRQHandler
                0x000000000800163c                DMA1_Channel4_IRQHandler
                0x000000000800163c                RTC_IRQHandler
                0x000000000800163c                DMA1_Channel7_IRQHandler
                0x000000000800163c                CAN1_RX1_IRQHandler
                0x000000000800163c                UART5_IRQHandler
                0x000000000800163c                ADC3_IRQHandler
                0x000000000800163c                TIM4_IRQHandler
                0x000000000800163c                DMA2_Channel1_IRQHandler
                0x000000000800163c                I2C1_EV_IRQHandler
                0x000000000800163c                DMA1_Channel6_IRQHandler
                0x000000000800163c                UART4_IRQHandler
                0x000000000800163c                TIM3_IRQHandler
                0x000000000800163c                RCC_IRQHandler
                0x000000000800163c                TIM1_TRG_COM_IRQHandler
                0x000000000800163c                DMA1_Channel1_IRQHandler
                0x000000000800163c                Default_Handler
                0x000000000800163c                EXTI15_10_IRQHandler
                0x000000000800163c                TIM7_IRQHandler
                0x000000000800163c                TIM5_IRQHandler
                0x000000000800163c                EXTI9_5_IRQHandler
                0x000000000800163c                SPI2_IRQHandler
                0x000000000800163c                DMA1_Channel5_IRQHandler
                0x000000000800163c                EXTI4_IRQHandler
                0x000000000800163c                USB_LP_CAN1_RX0_IRQHandler
                0x000000000800163c                USB_HP_CAN1_TX_IRQHandler
                0x000000000800163c                DMA1_Channel3_IRQHandler
                0x000000000800163c                FSMC_IRQHandler
                0x000000000800163c                TIM1_UP_IRQHandler
                0x000000000800163c                WWDG_IRQHandler
                0x000000000800163c                TIM1_BRK_IRQHandler
                0x000000000800163c                EXTI1_IRQHandler
                0x000000000800163c                DMA2_Channel4_5_IRQHandler
                0x000000000800163c                USART2_IRQHandler
                0x000000000800163c                I2C2_ER_IRQHandler
                0x000000000800163c                DMA1_Channel2_IRQHandler
                0x000000000800163c                TIM8_BRK_IRQHandler
                0x000000000800163c                CAN1_SCE_IRQHandler
                0x000000000800163c                FLASH_IRQHandler
                0x000000000800163c                USART1_IRQHandler
                0x000000000800163c                SPI3_IRQHandler
                0x000000000800163c                I2C1_ER_IRQHandler
                0x000000000800163c                USBWakeUp_IRQHandler
                0x000000000800163c                DMA2_Channel3_IRQHandler
 *fill*         0x000000000800163e        0x2 
 .text.HAL_Init
                0x0000000008001640       0x2c ./Drivers/STM32F1xx_HAL_Driver/Src/stm32f1xx_hal.o
                0x0000000008001640                HAL_Init
 .text.HAL_InitTick
                0x000000000800166c       0x60 ./Drivers/STM32F1xx_HAL_Driver/Src/stm32f1xx_hal.o
                0x000000000800166c                HAL_InitTick
 .text.HAL_IncTick
                0x00000000080016cc       0x24 ./Drivers/STM32F1xx_HAL_Driver/Src/stm32f1xx_hal.o
                0x00000000080016cc                HAL_IncTick
 .text.HAL_GetTick
                0x00000000080016f0       0x14 ./Drivers/STM32F1xx_HAL_Driver/Src/stm32f1xx_hal.o
                0x00000000080016f0                HAL_GetTick
 .text.HAL_Delay
                0x0000000008001704       0x48 ./Drivers/STM32F1xx_HAL_Driver/Src/stm32f1xx_hal.o
                0x0000000008001704                HAL_Delay
 .text.__NVIC_SetPriorityGrouping
                0x000000000800174c       0x48 ./Drivers/STM32F1xx_HAL_Driver/Src/stm32f1xx_hal_cortex.o
 .text.__NVIC_GetPriorityGrouping
                0x0000000008001794       0x1c ./Drivers/STM32F1xx_HAL_Driver/Src/stm32f1xx_hal_cortex.o
 .text.__NVIC_EnableIRQ
                0x00000000080017b0       0x38 ./Drivers/STM32F1xx_HAL_Driver/Src/stm32f1xx_hal_cortex.o
 .text.__NVIC_SetPriority
                0x00000000080017e8       0x54 ./Drivers/STM32F1xx_HAL_Driver/Src/stm32f1xx_hal_cortex.o
 .text.NVIC_EncodePriority
                0x000000000800183c       0x64 ./Drivers/STM32F1xx_HAL_Driver/Src/stm32f1xx_hal_cortex.o
 .text.SysTick_Config
                0x00000000080018a0       0x44 ./Drivers/STM32F1xx_HAL_Driver/Src/stm32f1xx_hal_cortex.o
 .text.HAL_NVIC_SetPriorityGrouping
                0x00000000080018e4       0x16 ./Drivers/STM32F1xx_HAL_Driver/Src/stm32f1xx_hal_cortex.o
                0x00000000080018e4                HAL_NVIC_SetPriorityGrouping
 .text.HAL_NVIC_SetPriority
                0x00000000080018fa       0x38 ./Drivers/STM32F1xx_HAL_Driver/Src/stm32f1xx_hal_cortex.o
                0x00000000080018fa                HAL_NVIC_SetPriority
 .text.HAL_NVIC_EnableIRQ
                0x0000000008001932       0x1c ./Drivers/STM32F1xx_HAL_Driver/Src/stm32f1xx_hal_cortex.o
                0x0000000008001932                HAL_NVIC_EnableIRQ
 .text.HAL_SYSTICK_Config
                0x000000000800194e       0x18 ./Drivers/STM32F1xx_HAL_Driver/Src/stm32f1xx_hal_cortex.o
                0x000000000800194e                HAL_SYSTICK_Config
 .text.HAL_DMA_Abort
                0x0000000008001966       0x74 ./Drivers/STM32F1xx_HAL_Driver/Src/stm32f1xx_hal_dma.o
                0x0000000008001966                HAL_DMA_Abort
 *fill*         0x00000000080019da        0x2 
 .text.HAL_DMA_Abort_IT
                0x00000000080019dc      0x210 ./Drivers/STM32F1xx_HAL_Driver/Src/stm32f1xx_hal_dma.o
                0x00000000080019dc                HAL_DMA_Abort_IT
 .text.HAL_GPIO_Init
                0x0000000008001bec      0x328 ./Drivers/STM32F1xx_HAL_Driver/Src/stm32f1xx_hal_gpio.o
                0x0000000008001bec                HAL_GPIO_Init
 .text.HAL_GPIO_WritePin
                0x0000000008001f14       0x30 ./Drivers/STM32F1xx_HAL_Driver/Src/stm32f1xx_hal_gpio.o
                0x0000000008001f14                HAL_GPIO_WritePin
 .text.HAL_GPIO_TogglePin
                0x0000000008001f44       0x32 ./Drivers/STM32F1xx_HAL_Driver/Src/stm32f1xx_hal_gpio.o
                0x0000000008001f44                HAL_GPIO_TogglePin
 *fill*         0x0000000008001f76        0x2 
 .text.HAL_I2C_Init
                0x0000000008001f78      0x288 ./Drivers/STM32F1xx_HAL_Driver/Src/stm32f1xx_hal_i2c.o
                0x0000000008001f78                HAL_I2C_Init
 .text.HAL_I2C_Master_Transmit
                0x0000000008002200      0x1fc ./Drivers/STM32F1xx_HAL_Driver/Src/stm32f1xx_hal_i2c.o
                0x0000000008002200                HAL_I2C_Master_Transmit
 .text.I2C_MasterRequestWrite
                0x00000000080023fc      0x104 ./Drivers/STM32F1xx_HAL_Driver/Src/stm32f1xx_hal_i2c.o
 .text.I2C_WaitOnFlagUntilTimeout
                0x0000000008002500       0xae ./Drivers/STM32F1xx_HAL_Driver/Src/stm32f1xx_hal_i2c.o
 .text.I2C_WaitOnMasterAddressFlagUntilTimeout
                0x00000000080025ae       0xfe ./Drivers/STM32F1xx_HAL_Driver/Src/stm32f1xx_hal_i2c.o
 .text.I2C_WaitOnTXEFlagUntilTimeout
                0x00000000080026ac       0x82 ./Drivers/STM32F1xx_HAL_Driver/Src/stm32f1xx_hal_i2c.o
 .text.I2C_WaitOnBTFFlagUntilTimeout
                0x000000000800272e       0x82 ./Drivers/STM32F1xx_HAL_Driver/Src/stm32f1xx_hal_i2c.o
 .text.I2C_IsAcknowledgeFailed
                0x00000000080027b0       0x5c ./Drivers/STM32F1xx_HAL_Driver/Src/stm32f1xx_hal_i2c.o
 .text.HAL_RCC_OscConfig
                0x000000000800280c      0x500 ./Drivers/STM32F1xx_HAL_Driver/Src/stm32f1xx_hal_rcc.o
                0x000000000800280c                HAL_RCC_OscConfig
 .text.HAL_RCC_ClockConfig
                0x0000000008002d0c      0x1d4 ./Drivers/STM32F1xx_HAL_Driver/Src/stm32f1xx_hal_rcc.o
                0x0000000008002d0c                HAL_RCC_ClockConfig
 .text.HAL_RCC_GetSysClockFreq
                0x0000000008002ee0       0xc0 ./Drivers/STM32F1xx_HAL_Driver/Src/stm32f1xx_hal_rcc.o
                0x0000000008002ee0                HAL_RCC_GetSysClockFreq
 .text.HAL_RCC_GetHCLKFreq
                0x0000000008002fa0       0x14 ./Drivers/STM32F1xx_HAL_Driver/Src/stm32f1xx_hal_rcc.o
                0x0000000008002fa0                HAL_RCC_GetHCLKFreq
 .text.HAL_RCC_GetPCLK1Freq
                0x0000000008002fb4       0x28 ./Drivers/STM32F1xx_HAL_Driver/Src/stm32f1xx_hal_rcc.o
                0x0000000008002fb4                HAL_RCC_GetPCLK1Freq
 .text.HAL_RCC_GetPCLK2Freq
                0x0000000008002fdc       0x28 ./Drivers/STM32F1xx_HAL_Driver/Src/stm32f1xx_hal_rcc.o
                0x0000000008002fdc                HAL_RCC_GetPCLK2Freq
 .text.RCC_Delay
                0x0000000008003004       0x3c ./Drivers/STM32F1xx_HAL_Driver/Src/stm32f1xx_hal_rcc.o
 .text.HAL_TIM_Base_Init
                0x0000000008003040       0x9e ./Drivers/STM32F1xx_HAL_Driver/Src/stm32f1xx_hal_tim.o
                0x0000000008003040                HAL_TIM_Base_Init
 *fill*         0x00000000080030de        0x2 
 .text.HAL_TIM_Base_Start_IT
                0x00000000080030e0       0xc0 ./Drivers/STM32F1xx_HAL_Driver/Src/stm32f1xx_hal_tim.o
                0x00000000080030e0                HAL_TIM_Base_Start_IT
 .text.HAL_TIM_IRQHandler
                0x00000000080031a0      0x210 ./Drivers/STM32F1xx_HAL_Driver/Src/stm32f1xx_hal_tim.o
                0x00000000080031a0                HAL_TIM_IRQHandler
 .text.HAL_TIM_ConfigClockSource
                0x00000000080033b0      0x188 ./Drivers/STM32F1xx_HAL_Driver/Src/stm32f1xx_hal_tim.o
                0x00000000080033b0                HAL_TIM_ConfigClockSource
 .text.HAL_TIM_OC_DelayElapsedCallback
                0x0000000008003538       0x12 ./Drivers/STM32F1xx_HAL_Driver/Src/stm32f1xx_hal_tim.o
                0x0000000008003538                HAL_TIM_OC_DelayElapsedCallback
 .text.HAL_TIM_IC_CaptureCallback
                0x000000000800354a       0x12 ./Drivers/STM32F1xx_HAL_Driver/Src/stm32f1xx_hal_tim.o
                0x000000000800354a                HAL_TIM_IC_CaptureCallback
 .text.HAL_TIM_PWM_PulseFinishedCallback
                0x000000000800355c       0x12 ./Drivers/STM32F1xx_HAL_Driver/Src/stm32f1xx_hal_tim.o
                0x000000000800355c                HAL_TIM_PWM_PulseFinishedCallback
 .text.HAL_TIM_TriggerCallback
                0x000000000800356e       0x12 ./Drivers/STM32F1xx_HAL_Driver/Src/stm32f1xx_hal_tim.o
                0x000000000800356e                HAL_TIM_TriggerCallback
 .text.TIM_Base_SetConfig
                0x0000000008003580       0xf4 ./Drivers/STM32F1xx_HAL_Driver/Src/stm32f1xx_hal_tim.o
                0x0000000008003580                TIM_Base_SetConfig
 .text.TIM_TI1_ConfigInputStage
                0x0000000008003674       0x5c ./Drivers/STM32F1xx_HAL_Driver/Src/stm32f1xx_hal_tim.o
 .text.TIM_TI2_ConfigInputStage
                0x00000000080036d0       0x5e ./Drivers/STM32F1xx_HAL_Driver/Src/stm32f1xx_hal_tim.o
 .text.TIM_ITRx_SetConfig
                0x000000000800372e       0x34 ./Drivers/STM32F1xx_HAL_Driver/Src/stm32f1xx_hal_tim.o
 .text.TIM_ETR_SetConfig
                0x0000000008003762       0x3e ./Drivers/STM32F1xx_HAL_Driver/Src/stm32f1xx_hal_tim.o
                0x0000000008003762                TIM_ETR_SetConfig
 .text.HAL_TIMEx_MasterConfigSynchronization
                0x00000000080037a0       0xd8 ./Drivers/STM32F1xx_HAL_Driver/Src/stm32f1xx_hal_tim_ex.o
                0x00000000080037a0                HAL_TIMEx_MasterConfigSynchronization
 .text.HAL_TIMEx_CommutCallback
                0x0000000008003878       0x12 ./Drivers/STM32F1xx_HAL_Driver/Src/stm32f1xx_hal_tim_ex.o
                0x0000000008003878                HAL_TIMEx_CommutCallback
 .text.HAL_TIMEx_BreakCallback
                0x000000000800388a       0x12 ./Drivers/STM32F1xx_HAL_Driver/Src/stm32f1xx_hal_tim_ex.o
                0x000000000800388a                HAL_TIMEx_BreakCallback
 .text.HAL_UART_Init
                0x000000000800389c       0x9a ./Drivers/STM32F1xx_HAL_Driver/Src/stm32f1xx_hal_uart.o
                0x000000000800389c                HAL_UART_Init
 .text.HAL_UART_Transmit
                0x0000000008003936      0x124 ./Drivers/STM32F1xx_HAL_Driver/Src/stm32f1xx_hal_uart.o
                0x0000000008003936                HAL_UART_Transmit
 .text.HAL_UART_Receive_IT
                0x0000000008003a5a       0x60 ./Drivers/STM32F1xx_HAL_Driver/Src/stm32f1xx_hal_uart.o
                0x0000000008003a5a                HAL_UART_Receive_IT
 *fill*         0x0000000008003aba        0x2 
 .text.HAL_UART_IRQHandler
                0x0000000008003abc      0x354 ./Drivers/STM32F1xx_HAL_Driver/Src/stm32f1xx_hal_uart.o
                0x0000000008003abc                HAL_UART_IRQHandler
 .text.HAL_UART_TxCpltCallback
                0x0000000008003e10       0x12 ./Drivers/STM32F1xx_HAL_Driver/Src/stm32f1xx_hal_uart.o
                0x0000000008003e10                HAL_UART_TxCpltCallback
 .text.HAL_UART_ErrorCallback
                0x0000000008003e22       0x12 ./Drivers/STM32F1xx_HAL_Driver/Src/stm32f1xx_hal_uart.o
                0x0000000008003e22                HAL_UART_ErrorCallback
 .text.HAL_UARTEx_RxEventCallback
                0x0000000008003e34       0x16 ./Drivers/STM32F1xx_HAL_Driver/Src/stm32f1xx_hal_uart.o
                0x0000000008003e34                HAL_UARTEx_RxEventCallback
 .text.UART_WaitOnFlagUntilTimeout
                0x0000000008003e4a       0x94 ./Drivers/STM32F1xx_HAL_Driver/Src/stm32f1xx_hal_uart.o
 .text.UART_Start_Receive_IT
                0x0000000008003ede       0x72 ./Drivers/STM32F1xx_HAL_Driver/Src/stm32f1xx_hal_uart.o
                0x0000000008003ede                UART_Start_Receive_IT
 .text.UART_EndRxTransfer
                0x0000000008003f50       0x58 ./Drivers/STM32F1xx_HAL_Driver/Src/stm32f1xx_hal_uart.o
 .text.UART_DMAAbortOnError
                0x0000000008003fa8       0x28 ./Drivers/STM32F1xx_HAL_Driver/Src/stm32f1xx_hal_uart.o
 .text.UART_Transmit_IT
                0x0000000008003fd0       0x9e ./Drivers/STM32F1xx_HAL_Driver/Src/stm32f1xx_hal_uart.o
 .text.UART_EndTransmit_IT
                0x000000000800406e       0x30 ./Drivers/STM32F1xx_HAL_Driver/Src/stm32f1xx_hal_uart.o
 .text.UART_Receive_IT
                0x000000000800409e      0x152 ./Drivers/STM32F1xx_HAL_Driver/Src/stm32f1xx_hal_uart.o
 .text.UART_SetConfig
                0x00000000080041f0      0x11c ./Drivers/STM32F1xx_HAL_Driver/Src/stm32f1xx_hal_uart.o
 .text.__errno  0x000000000800430c        0xc f:/stm32cubeide_1.7.0/stm32cubeide/plugins/com.st.stm32cube.ide.mcu.externaltools.gnu-tools-for-stm32.9-2020-q2-update.win32_2.0.0.202105311346/tools/bin/../lib/gcc/arm-none-eabi/9.3.1/../../../../arm-none-eabi/lib/thumb/v7-m/nofp\libc_nano.a(lib_a-errno.o)
                0x000000000800430c                __errno
 .text.__libc_init_array
                0x0000000008004318       0x48 f:/stm32cubeide_1.7.0/stm32cubeide/plugins/com.st.stm32cube.ide.mcu.externaltools.gnu-tools-for-stm32.9-2020-q2-update.win32_2.0.0.202105311346/tools/bin/../lib/gcc/arm-none-eabi/9.3.1/../../../../arm-none-eabi/lib/thumb/v7-m/nofp\libc_nano.a(lib_a-init.o)
                0x0000000008004318                __libc_init_array
 .text.memset   0x0000000008004360       0x10 f:/stm32cubeide_1.7.0/stm32cubeide/plugins/com.st.stm32cube.ide.mcu.externaltools.gnu-tools-for-stm32.9-2020-q2-update.win32_2.0.0.202105311346/tools/bin/../lib/gcc/arm-none-eabi/9.3.1/../../../../arm-none-eabi/lib/thumb/v7-m/nofp\libc_nano.a(lib_a-memset.o)
                0x0000000008004360                memset
 .text.sprintf  0x0000000008004370       0x40 f:/stm32cubeide_1.7.0/stm32cubeide/plugins/com.st.stm32cube.ide.mcu.externaltools.gnu-tools-for-stm32.9-2020-q2-update.win32_2.0.0.202105311346/tools/bin/../lib/gcc/arm-none-eabi/9.3.1/../../../../arm-none-eabi/lib/thumb/v7-m/nofp\libc_nano.a(lib_a-sprintf.o)
                0x0000000008004370                siprintf
                0x0000000008004370                sprintf
 .text.__ssputs_r
                0x00000000080043b0       0xb6 f:/stm32cubeide_1.7.0/stm32cubeide/plugins/com.st.stm32cube.ide.mcu.externaltools.gnu-tools-for-stm32.9-2020-q2-update.win32_2.0.0.202105311346/tools/bin/../lib/gcc/arm-none-eabi/9.3.1/../../../../arm-none-eabi/lib/thumb/v7-m/nofp\libc_nano.a(lib_a-nano-svfprintf.o)
                0x00000000080043b0                __ssputs_r
 *fill*         0x0000000008004466        0x2 
 .text._svfprintf_r
                0x0000000008004468      0x200 f:/stm32cubeide_1.7.0/stm32cubeide/plugins/com.st.stm32cube.ide.mcu.externaltools.gnu-tools-for-stm32.9-2020-q2-update.win32_2.0.0.202105311346/tools/bin/../lib/gcc/arm-none-eabi/9.3.1/../../../../arm-none-eabi/lib/thumb/v7-m/nofp\libc_nano.a(lib_a-nano-svfprintf.o)
                0x0000000008004468                _svfiprintf_r
                0x0000000008004468                _svfprintf_r
 .text._printf_common
                0x0000000008004668       0xde f:/stm32cubeide_1.7.0/stm32cubeide/plugins/com.st.stm32cube.ide.mcu.externaltools.gnu-tools-for-stm32.9-2020-q2-update.win32_2.0.0.202105311346/tools/bin/../lib/gcc/arm-none-eabi/9.3.1/../../../../arm-none-eabi/lib/thumb/v7-m/nofp\libc_nano.a(lib_a-nano-vfprintf_i.o)
                0x0000000008004668                _printf_common
 *fill*         0x0000000008004746        0x2 
 .text._printf_i
                0x0000000008004748      0x24c f:/stm32cubeide_1.7.0/stm32cubeide/plugins/com.st.stm32cube.ide.mcu.externaltools.gnu-tools-for-stm32.9-2020-q2-update.win32_2.0.0.202105311346/tools/bin/../lib/gcc/arm-none-eabi/9.3.1/../../../../arm-none-eabi/lib/thumb/v7-m/nofp\libc_nano.a(lib_a-nano-vfprintf_i.o)
                0x0000000008004748                _printf_i
 .text.memchr   0x0000000008004994       0x1c f:/stm32cubeide_1.7.0/stm32cubeide/plugins/com.st.stm32cube.ide.mcu.externaltools.gnu-tools-for-stm32.9-2020-q2-update.win32_2.0.0.202105311346/tools/bin/../lib/gcc/arm-none-eabi/9.3.1/../../../../arm-none-eabi/lib/thumb/v7-m/nofp\libc_nano.a(lib_a-memchr-stub.o)
                0x0000000008004994                memchr
 .text.memcpy   0x00000000080049b0       0x1c f:/stm32cubeide_1.7.0/stm32cubeide/plugins/com.st.stm32cube.ide.mcu.externaltools.gnu-tools-for-stm32.9-2020-q2-update.win32_2.0.0.202105311346/tools/bin/../lib/gcc/arm-none-eabi/9.3.1/../../../../arm-none-eabi/lib/thumb/v7-m/nofp\libc_nano.a(lib_a-memcpy-stub.o)
                0x00000000080049b0                memcpy
 .text.memmove  0x00000000080049cc       0x34 f:/stm32cubeide_1.7.0/stm32cubeide/plugins/com.st.stm32cube.ide.mcu.externaltools.gnu-tools-for-stm32.9-2020-q2-update.win32_2.0.0.202105311346/tools/bin/../lib/gcc/arm-none-eabi/9.3.1/../../../../arm-none-eabi/lib/thumb/v7-m/nofp\libc_nano.a(lib_a-memmove.o)
                0x00000000080049cc                memmove
 .text._free_r  0x0000000008004a00       0x98 f:/stm32cubeide_1.7.0/stm32cubeide/plugins/com.st.stm32cube.ide.mcu.externaltools.gnu-tools-for-stm32.9-2020-q2-update.win32_2.0.0.202105311346/tools/bin/../lib/gcc/arm-none-eabi/9.3.1/../../../../arm-none-eabi/lib/thumb/v7-m/nofp\libc_nano.a(lib_a-nano-freer.o)
                0x0000000008004a00                _free_r
 .text._malloc_r
                0x0000000008004a98       0xb4 f:/stm32cubeide_1.7.0/stm32cubeide/plugins/com.st.stm32cube.ide.mcu.externaltools.gnu-tools-for-stm32.9-2020-q2-update.win32_2.0.0.202105311346/tools/bin/../lib/gcc/arm-none-eabi/9.3.1/../../../../arm-none-eabi/lib/thumb/v7-m/nofp\libc_nano.a(lib_a-nano-mallocr.o)
                0x0000000008004a98                _malloc_r
 .text._realloc_r
                0x0000000008004b4c       0x4c f:/stm32cubeide_1.7.0/stm32cubeide/plugins/com.st.stm32cube.ide.mcu.externaltools.gnu-tools-for-stm32.9-2020-q2-update.win32_2.0.0.202105311346/tools/bin/../lib/gcc/arm-none-eabi/9.3.1/../../../../arm-none-eabi/lib/thumb/v7-m/nofp\libc_nano.a(lib_a-nano-reallocr.o)
                0x0000000008004b4c                _realloc_r
 .text._sbrk_r  0x0000000008004b98       0x20 f:/stm32cubeide_1.7.0/stm32cubeide/plugins/com.st.stm32cube.ide.mcu.externaltools.gnu-tools-for-stm32.9-2020-q2-update.win32_2.0.0.202105311346/tools/bin/../lib/gcc/arm-none-eabi/9.3.1/../../../../arm-none-eabi/lib/thumb/v7-m/nofp\libc_nano.a(lib_a-sbrkr.o)
                0x0000000008004b98                _sbrk_r
 .text.__malloc_lock
                0x0000000008004bb8        0xc f:/stm32cubeide_1.7.0/stm32cubeide/plugins/com.st.stm32cube.ide.mcu.externaltools.gnu-tools-for-stm32.9-2020-q2-update.win32_2.0.0.202105311346/tools/bin/../lib/gcc/arm-none-eabi/9.3.1/../../../../arm-none-eabi/lib/thumb/v7-m/nofp\libc_nano.a(lib_a-mlock.o)
                0x0000000008004bb8                __malloc_lock
 .text.__malloc_unlock
                0x0000000008004bc4        0xc f:/stm32cubeide_1.7.0/stm32cubeide/plugins/com.st.stm32cube.ide.mcu.externaltools.gnu-tools-for-stm32.9-2020-q2-update.win32_2.0.0.202105311346/tools/bin/../lib/gcc/arm-none-eabi/9.3.1/../../../../arm-none-eabi/lib/thumb/v7-m/nofp\libc_nano.a(lib_a-mlock.o)
                0x0000000008004bc4                __malloc_unlock
 .text._malloc_usable_size_r
                0x0000000008004bd0       0x10 f:/stm32cubeide_1.7.0/stm32cubeide/plugins/com.st.stm32cube.ide.mcu.externaltools.gnu-tools-for-stm32.9-2020-q2-update.win32_2.0.0.202105311346/tools/bin/../lib/gcc/arm-none-eabi/9.3.1/../../../../arm-none-eabi/lib/thumb/v7-m/nofp\libc_nano.a(lib_a-nano-msizer.o)
                0x0000000008004bd0                _malloc_usable_size_r
 .text.__retarget_lock_acquire_recursive
                0x0000000008004be0        0x2 f:/stm32cubeide_1.7.0/stm32cubeide/plugins/com.st.stm32cube.ide.mcu.externaltools.gnu-tools-for-stm32.9-2020-q2-update.win32_2.0.0.202105311346/tools/bin/../lib/gcc/arm-none-eabi/9.3.1/../../../../arm-none-eabi/lib/thumb/v7-m/nofp\libc_nano.a(lib_a-lock.o)
                0x0000000008004be0                __retarget_lock_acquire_recursive
 .text.__retarget_lock_release_recursive
                0x0000000008004be2        0x2 f:/stm32cubeide_1.7.0/stm32cubeide/plugins/com.st.stm32cube.ide.mcu.externaltools.gnu-tools-for-stm32.9-2020-q2-update.win32_2.0.0.202105311346/tools/bin/../lib/gcc/arm-none-eabi/9.3.1/../../../../arm-none-eabi/lib/thumb/v7-m/nofp\libc_nano.a(lib_a-lock.o)
                0x0000000008004be2                __retarget_lock_release_recursive
 *(.glue_7)
 .glue_7        0x0000000008004be4        0x0 linker stubs
 *(.glue_7t)
 .glue_7t       0x0000000008004be4        0x0 linker stubs
 *(.eh_frame)
 .eh_frame      0x0000000008004be4        0x0 f:/stm32cubeide_1.7.0/stm32cubeide/plugins/com.st.stm32cube.ide.mcu.externaltools.gnu-tools-for-stm32.9-2020-q2-update.win32_2.0.0.202105311346/tools/bin/../lib/gcc/arm-none-eabi/9.3.1/thumb/v7-m/nofp/crtbegin.o
 *(.init)
 .init          0x0000000008004be4        0x4 f:/stm32cubeide_1.7.0/stm32cubeide/plugins/com.st.stm32cube.ide.mcu.externaltools.gnu-tools-for-stm32.9-2020-q2-update.win32_2.0.0.202105311346/tools/bin/../lib/gcc/arm-none-eabi/9.3.1/thumb/v7-m/nofp/crti.o
                0x0000000008004be4                _init
 .init          0x0000000008004be8        0x8 f:/stm32cubeide_1.7.0/stm32cubeide/plugins/com.st.stm32cube.ide.mcu.externaltools.gnu-tools-for-stm32.9-2020-q2-update.win32_2.0.0.202105311346/tools/bin/../lib/gcc/arm-none-eabi/9.3.1/thumb/v7-m/nofp/crtn.o
 *(.fini)
 .fini          0x0000000008004bf0        0x4 f:/stm32cubeide_1.7.0/stm32cubeide/plugins/com.st.stm32cube.ide.mcu.externaltools.gnu-tools-for-stm32.9-2020-q2-update.win32_2.0.0.202105311346/tools/bin/../lib/gcc/arm-none-eabi/9.3.1/thumb/v7-m/nofp/crti.o
                0x0000000008004bf0                _fini
 .fini          0x0000000008004bf4        0x8 f:/stm32cubeide_1.7.0/stm32cubeide/plugins/com.st.stm32cube.ide.mcu.externaltools.gnu-tools-for-stm32.9-2020-q2-update.win32_2.0.0.202105311346/tools/bin/../lib/gcc/arm-none-eabi/9.3.1/thumb/v7-m/nofp/crtn.o
                0x0000000008004bfc                . = ALIGN (0x4)
                0x0000000008004bfc                _etext = .

.vfp11_veneer   0x0000000008004bfc        0x0
 .vfp11_veneer  0x0000000008004bfc        0x0 linker stubs

.v4_bx          0x0000000008004bfc        0x0
 .v4_bx         0x0000000008004bfc        0x0 linker stubs

.iplt           0x0000000008004bfc        0x0
 .iplt          0x0000000008004bfc        0x0 f:/stm32cubeide_1.7.0/stm32cubeide/plugins/com.st.stm32cube.ide.mcu.externaltools.gnu-tools-for-stm32.9-2020-q2-update.win32_2.0.0.202105311346/tools/bin/../lib/gcc/arm-none-eabi/9.3.1/thumb/v7-m/nofp/crtbegin.o

.rodata         0x0000000008004bfc       0xcc
                0x0000000008004bfc                . = ALIGN (0x4)
 *(.rodata)
 .rodata        0x0000000008004bfc       0x6e ./Core/Src/FSM_UART.o
 *fill*         0x0000000008004c6a        0x2 
 .rodata        0x0000000008004c6c       0x10 ./Drivers/STM32F1xx_HAL_Driver/Src/stm32f1xx_hal_rcc.o
 *(.rodata*)
 .rodata.AHBPrescTable
                0x0000000008004c7c       0x10 ./Core/Src/system_stm32f1xx.o
                0x0000000008004c7c                AHBPrescTable
 .rodata.APBPrescTable
                0x0000000008004c8c        0x8 ./Core/Src/system_stm32f1xx.o
                0x0000000008004c8c                APBPrescTable
 .rodata._svfprintf_r.str1.1
                0x0000000008004c94       0x11 f:/stm32cubeide_1.7.0/stm32cubeide/plugins/com.st.stm32cube.ide.mcu.externaltools.gnu-tools-for-stm32.9-2020-q2-update.win32_2.0.0.202105311346/tools/bin/../lib/gcc/arm-none-eabi/9.3.1/../../../../arm-none-eabi/lib/thumb/v7-m/nofp\libc_nano.a(lib_a-nano-svfprintf.o)
 .rodata._printf_i.str1.1
                0x0000000008004ca5       0x22 f:/stm32cubeide_1.7.0/stm32cubeide/plugins/com.st.stm32cube.ide.mcu.externaltools.gnu-tools-for-stm32.9-2020-q2-update.win32_2.0.0.202105311346/tools/bin/../lib/gcc/arm-none-eabi/9.3.1/../../../../arm-none-eabi/lib/thumb/v7-m/nofp\libc_nano.a(lib_a-nano-vfprintf_i.o)
                0x0000000008004cc8                . = ALIGN (0x4)
 *fill*         0x0000000008004cc7        0x1 

.rel.dyn        0x0000000008004cc8        0x0
 .rel.iplt      0x0000000008004cc8        0x0 f:/stm32cubeide_1.7.0/stm32cubeide/plugins/com.st.stm32cube.ide.mcu.externaltools.gnu-tools-for-stm32.9-2020-q2-update.win32_2.0.0.202105311346/tools/bin/../lib/gcc/arm-none-eabi/9.3.1/thumb/v7-m/nofp/crtbegin.o

.ARM.extab      0x0000000008004cc8        0x0
                0x0000000008004cc8                . = ALIGN (0x4)
 *(.ARM.extab* .gnu.linkonce.armextab.*)
                0x0000000008004cc8                . = ALIGN (0x4)

.ARM            0x0000000008004cc8        0x0
                0x0000000008004cc8                . = ALIGN (0x4)
                0x0000000008004cc8                __exidx_start = .
 *(.ARM.exidx*)
                0x0000000008004cc8                __exidx_end = .
                0x0000000008004cc8                . = ALIGN (0x4)

.preinit_array  0x0000000008004cc8        0x0
                0x0000000008004cc8                . = ALIGN (0x4)
                0x0000000008004cc8                PROVIDE (__preinit_array_start = .)
 *(.preinit_array*)
                0x0000000008004cc8                PROVIDE (__preinit_array_end = .)
                0x0000000008004cc8                . = ALIGN (0x4)

.init_array     0x0000000008004cc8        0x4
                0x0000000008004cc8                . = ALIGN (0x4)
                0x0000000008004cc8                PROVIDE (__init_array_start = .)
 *(SORT_BY_NAME(.init_array.*))
 *(.init_array*)
 .init_array    0x0000000008004cc8        0x4 f:/stm32cubeide_1.7.0/stm32cubeide/plugins/com.st.stm32cube.ide.mcu.externaltools.gnu-tools-for-stm32.9-2020-q2-update.win32_2.0.0.202105311346/tools/bin/../lib/gcc/arm-none-eabi/9.3.1/thumb/v7-m/nofp/crtbegin.o
                0x0000000008004ccc                PROVIDE (__init_array_end = .)
                0x0000000008004ccc                . = ALIGN (0x4)

.fini_array     0x0000000008004ccc        0x4
                0x0000000008004ccc                . = ALIGN (0x4)
                [!provide]                        PROVIDE (__fini_array_start = .)
 *(SORT_BY_NAME(.fini_array.*))
 *(.fini_array*)
 .fini_array    0x0000000008004ccc        0x4 f:/stm32cubeide_1.7.0/stm32cubeide/plugins/com.st.stm32cube.ide.mcu.externaltools.gnu-tools-for-stm32.9-2020-q2-update.win32_2.0.0.202105311346/tools/bin/../lib/gcc/arm-none-eabi/9.3.1/thumb/v7-m/nofp/crtbegin.o
                [!provide]                        PROVIDE (__fini_array_end = .)
                0x0000000008004cd0                . = ALIGN (0x4)
                0x0000000008004cd0                _sidata = LOADADDR (.data)

.data           0x0000000020000000       0xb0 load address 0x0000000008004cd0
                0x0000000020000000                . = ALIGN (0x4)
                0x0000000020000000                _sdata = .
 *(.data)
 *(.data*)
 .data.counter_led
                0x0000000020000000        0x4 ./Core/Src/A_SINGLE_LED_DEBUGGING.o
                0x0000000020000000                counter_led
 .data.another_counter
                0x0000000020000004        0x4 ./Core/Src/LED_SERIES_PROCESSING.o
                0x0000000020000004                another_counter
 .data.counter  0x0000000020000008        0x4 ./Core/Src/LED_SERIES_PROCESSING.o
                0x0000000020000008                counter
 .data.counter1
                0x000000002000000c        0x4 ./Core/Src/LED_SERIES_PROCESSING.o
                0x000000002000000c                counter1
 .data.counter2
                0x0000000020000010        0x4 ./Core/Src/LED_SERIES_PROCESSING.o
                0x0000000020000010                counter2
 .data.green_time
                0x0000000020000014        0x4 ./Core/Src/LED_SERIES_PROCESSING.o
                0x0000000020000014                green_time
 .data.yellow_time
                0x0000000020000018        0x4 ./Core/Src/LED_SERIES_PROCESSING.o
                0x0000000020000018                yellow_time
 .data.LEDsBuffer
                0x000000002000001c       0x10 ./Core/Src/LED_SERIES_PROCESSING.o
                0x000000002000001c                LEDsBuffer
 .data.GREEN_LEDs
                0x000000002000002c        0x8 ./Core/Src/LED_SERIES_PROCESSING.o
                0x000000002000002c                GREEN_LEDs
 .data.YELLOW_LEDs
                0x0000000020000034        0x8 ./Core/Src/LED_SERIES_PROCESSING.o
                0x0000000020000034                YELLOW_LEDs
 .data.baseComparator
                0x000000002000003c        0x4 ./Core/Src/LED_SERIES_PROCESSING.o
 .data.SystemCoreClock
                0x0000000020000040        0x4 ./Core/Src/system_stm32f1xx.o
                0x0000000020000040                SystemCoreClock
 .data.uwTickPrio
                0x0000000020000044        0x4 ./Drivers/STM32F1xx_HAL_Driver/Src/stm32f1xx_hal.o
                0x0000000020000044                uwTickPrio
 .data.uwTickFreq
                0x0000000020000048        0x1 ./Drivers/STM32F1xx_HAL_Driver/Src/stm32f1xx_hal.o
                0x0000000020000048                uwTickFreq
 *fill*         0x0000000020000049        0x3 
 .data._impure_ptr
                0x000000002000004c        0x4 f:/stm32cubeide_1.7.0/stm32cubeide/plugins/com.st.stm32cube.ide.mcu.externaltools.gnu-tools-for-stm32.9-2020-q2-update.win32_2.0.0.202105311346/tools/bin/../lib/gcc/arm-none-eabi/9.3.1/../../../../arm-none-eabi/lib/thumb/v7-m/nofp\libc_nano.a(lib_a-impure.o)
                0x000000002000004c                _impure_ptr
 .data.impure_data
                0x0000000020000050       0x60 f:/stm32cubeide_1.7.0/stm32cubeide/plugins/com.st.stm32cube.ide.mcu.externaltools.gnu-tools-for-stm32.9-2020-q2-update.win32_2.0.0.202105311346/tools/bin/../lib/gcc/arm-none-eabi/9.3.1/../../../../arm-none-eabi/lib/thumb/v7-m/nofp\libc_nano.a(lib_a-impure.o)
 *(.RamFunc)
 *(.RamFunc*)
                0x00000000200000b0                . = ALIGN (0x4)
                0x00000000200000b0                _edata = .

.igot.plt       0x00000000200000b0        0x0 load address 0x0000000008004d80
 .igot.plt      0x00000000200000b0        0x0 f:/stm32cubeide_1.7.0/stm32cubeide/plugins/com.st.stm32cube.ide.mcu.externaltools.gnu-tools-for-stm32.9-2020-q2-update.win32_2.0.0.202105311346/tools/bin/../lib/gcc/arm-none-eabi/9.3.1/thumb/v7-m/nofp/crtbegin.o
                0x00000000200000b0                . = ALIGN (0x4)

.bss            0x00000000200000b0      0x1ac load address 0x0000000008004d80
                0x00000000200000b0                _sbss = .
                0x00000000200000b0                __bss_start__ = _sbss
 *(.bss)
 .bss           0x00000000200000b0       0x1c f:/stm32cubeide_1.7.0/stm32cubeide/plugins/com.st.stm32cube.ide.mcu.externaltools.gnu-tools-for-stm32.9-2020-q2-update.win32_2.0.0.202105311346/tools/bin/../lib/gcc/arm-none-eabi/9.3.1/thumb/v7-m/nofp/crtbegin.o
 *(.bss*)
 .bss.string_flag
                0x00000000200000cc        0x1 ./Core/Src/FSM_UART.o
                0x00000000200000cc                string_flag
 *fill*         0x00000000200000cd        0x3 
 .bss.first_time_pressed
                0x00000000200000d0        0x4 ./Core/Src/FSM_UART.o
                0x00000000200000d0                first_time_pressed
 .bss.status    0x00000000200000d4        0x4 ./Core/Src/LED_SERIES_PROCESSING.o
 .bss.index0    0x00000000200000d8        0x4 ./Core/Src/LED_SERIES_PROCESSING.o
                0x00000000200000d8                index0
 .bss.index1    0x00000000200000dc        0x4 ./Core/Src/LED_SERIES_PROCESSING.o
                0x00000000200000dc                index1
 .bss.index2    0x00000000200000e0        0x4 ./Core/Src/LED_SERIES_PROCESSING.o
                0x00000000200000e0                index2
 .bss.value     0x00000000200000e4        0x4 ./Core/Src/LED_SERIES_PROCESSING.o
                0x00000000200000e4                value
 .bss.value2    0x00000000200000e8        0x4 ./Core/Src/LED_SERIES_PROCESSING.o
                0x00000000200000e8                value2
 .bss.__sbrk_heap_end
                0x00000000200000ec        0x4 ./Core/Src/sysmem.o
 .bss.__malloc_free_list
                0x00000000200000f0        0x4 f:/stm32cubeide_1.7.0/stm32cubeide/plugins/com.st.stm32cube.ide.mcu.externaltools.gnu-tools-for-stm32.9-2020-q2-update.win32_2.0.0.202105311346/tools/bin/../lib/gcc/arm-none-eabi/9.3.1/../../../../arm-none-eabi/lib/thumb/v7-m/nofp\libc_nano.a(lib_a-nano-mallocr.o)
                0x00000000200000f0                __malloc_free_list
 .bss.__malloc_sbrk_start
                0x00000000200000f4        0x4 f:/stm32cubeide_1.7.0/stm32cubeide/plugins/com.st.stm32cube.ide.mcu.externaltools.gnu-tools-for-stm32.9-2020-q2-update.win32_2.0.0.202105311346/tools/bin/../lib/gcc/arm-none-eabi/9.3.1/../../../../arm-none-eabi/lib/thumb/v7-m/nofp\libc_nano.a(lib_a-nano-mallocr.o)
                0x00000000200000f4                __malloc_sbrk_start
 *(COMMON)
 COMMON         0x00000000200000f8       0x51 ./Core/Src/FSM_UART.o
                0x00000000200000f8                huart3
                0x000000002000013c                temp
                0x0000000020000140                temp1
                0x0000000020000144                new_value
                0x0000000020000148                data
 *fill*         0x0000000020000149        0x3 
 COMMON         0x000000002000014c       0x54 ./Core/Src/app_i2c.o
                0x000000002000014c                I2cHandle
 COMMON         0x00000000200001a0        0xa ./Core/Src/app_i2c_lcd.o
                0x00000000200001a0                _row_offsets
                0x00000000200001a4                _backlight
                0x00000000200001a5                _displaycontrol
                0x00000000200001a6                _numlines
                0x00000000200001a7                _i2caddr
                0x00000000200001a8                _displaymode
                0x00000000200001a9                _displayfunction
 *fill*         0x00000000200001aa        0x2 
 COMMON         0x00000000200001ac       0x9c ./Core/Src/main.o
                0x00000000200001ac                hi2c1
                0x0000000020000200                htim2
 COMMON         0x0000000020000248        0x4 ./Drivers/STM32F1xx_HAL_Driver/Src/stm32f1xx_hal.o
                0x0000000020000248                uwTick
 COMMON         0x000000002000024c        0x4 f:/stm32cubeide_1.7.0/stm32cubeide/plugins/com.st.stm32cube.ide.mcu.externaltools.gnu-tools-for-stm32.9-2020-q2-update.win32_2.0.0.202105311346/tools/bin/../lib/gcc/arm-none-eabi/9.3.1/../../../../arm-none-eabi/lib/thumb/v7-m/nofp\libc_nano.a(lib_a-reent.o)
                0x000000002000024c                errno
 COMMON         0x0000000020000250        0x9 f:/stm32cubeide_1.7.0/stm32cubeide/plugins/com.st.stm32cube.ide.mcu.externaltools.gnu-tools-for-stm32.9-2020-q2-update.win32_2.0.0.202105311346/tools/bin/../lib/gcc/arm-none-eabi/9.3.1/../../../../arm-none-eabi/lib/thumb/v7-m/nofp\libc_nano.a(lib_a-lock.o)
                0x0000000020000250                __lock___atexit_recursive_mutex
                0x0000000020000251                __lock___arc4random_mutex
                0x0000000020000252                __lock___env_recursive_mutex
                0x0000000020000253                __lock___sinit_recursive_mutex
                0x0000000020000254                __lock___malloc_recursive_mutex
                0x0000000020000255                __lock___at_quick_exit_mutex
                0x0000000020000256                __lock___dd_hash_mutex
                0x0000000020000257                __lock___tz_mutex
                0x0000000020000258                __lock___sfp_recursive_mutex
                0x000000002000025c                . = ALIGN (0x4)
 *fill*         0x0000000020000259        0x3 
                0x000000002000025c                _ebss = .
                0x000000002000025c                __bss_end__ = _ebss

._user_heap_stack
                0x000000002000025c      0x604 load address 0x0000000008004d80
                0x0000000020000260                . = ALIGN (0x8)
 *fill*         0x000000002000025c        0x4 
                [!provide]                        PROVIDE (end = .)
                0x0000000020000260                PROVIDE (_end = .)
                0x0000000020000460                . = (. + _Min_Heap_Size)
 *fill*         0x0000000020000260      0x200 
                0x0000000020000860                . = (. + _Min_Stack_Size)
 *fill*         0x0000000020000460      0x400 
                0x0000000020000860                . = ALIGN (0x8)

/DISCARD/
 libc.a(*)
 libm.a(*)
 libgcc.a(*)

.ARM.attributes
                0x0000000000000000       0x29
 *(.ARM.attributes)
 .ARM.attributes
                0x0000000000000000       0x1d f:/stm32cubeide_1.7.0/stm32cubeide/plugins/com.st.stm32cube.ide.mcu.externaltools.gnu-tools-for-stm32.9-2020-q2-update.win32_2.0.0.202105311346/tools/bin/../lib/gcc/arm-none-eabi/9.3.1/thumb/v7-m/nofp/crti.o
 .ARM.attributes
                0x000000000000001d       0x2d f:/stm32cubeide_1.7.0/stm32cubeide/plugins/com.st.stm32cube.ide.mcu.externaltools.gnu-tools-for-stm32.9-2020-q2-update.win32_2.0.0.202105311346/tools/bin/../lib/gcc/arm-none-eabi/9.3.1/thumb/v7-m/nofp/crtbegin.o
 .ARM.attributes
                0x000000000000004a       0x2d ./Core/Src/A_SINGLE_LED_DEBUGGING.o
 .ARM.attributes
                0x0000000000000077       0x2d ./Core/Src/FSM_UART.o
 .ARM.attributes
                0x00000000000000a4       0x2d ./Core/Src/LED_SERIES_PROCESSING.o
 .ARM.attributes
                0x00000000000000d1       0x2d ./Core/Src/app_i2c.o
 .ARM.attributes
                0x00000000000000fe       0x2d ./Core/Src/app_i2c_lcd.o
 .ARM.attributes
                0x000000000000012b       0x2d ./Core/Src/main.o
 .ARM.attributes
                0x0000000000000158       0x2d ./Core/Src/stm32f1xx_hal_msp.o
 .ARM.attributes
                0x0000000000000185       0x2d ./Core/Src/stm32f1xx_it.o
 .ARM.attributes
                0x00000000000001b2       0x2d ./Core/Src/sysmem.o
 .ARM.attributes
                0x00000000000001df       0x2d ./Core/Src/system_stm32f1xx.o
 .ARM.attributes
                0x000000000000020c       0x21 ./Core/Startup/startup_stm32f103retx.o
 .ARM.attributes
                0x000000000000022d       0x2d ./Drivers/STM32F1xx_HAL_Driver/Src/stm32f1xx_hal.o
 .ARM.attributes
                0x000000000000025a       0x2d ./Drivers/STM32F1xx_HAL_Driver/Src/stm32f1xx_hal_cortex.o
 .ARM.attributes
                0x0000000000000287       0x2d ./Drivers/STM32F1xx_HAL_Driver/Src/stm32f1xx_hal_dma.o
 .ARM.attributes
                0x00000000000002b4       0x2d ./Drivers/STM32F1xx_HAL_Driver/Src/stm32f1xx_hal_gpio.o
 .ARM.attributes
                0x00000000000002e1       0x2d ./Drivers/STM32F1xx_HAL_Driver/Src/stm32f1xx_hal_i2c.o
 .ARM.attributes
                0x000000000000030e       0x2d ./Drivers/STM32F1xx_HAL_Driver/Src/stm32f1xx_hal_rcc.o
 .ARM.attributes
                0x000000000000033b       0x2d ./Drivers/STM32F1xx_HAL_Driver/Src/stm32f1xx_hal_tim.o
 .ARM.attributes
                0x0000000000000368       0x2d ./Drivers/STM32F1xx_HAL_Driver/Src/stm32f1xx_hal_tim_ex.o
 .ARM.attributes
                0x0000000000000395       0x2d ./Drivers/STM32F1xx_HAL_Driver/Src/stm32f1xx_hal_uart.o
 .ARM.attributes
                0x00000000000003c2       0x2d f:/stm32cubeide_1.7.0/stm32cubeide/plugins/com.st.stm32cube.ide.mcu.externaltools.gnu-tools-for-stm32.9-2020-q2-update.win32_2.0.0.202105311346/tools/bin/../lib/gcc/arm-none-eabi/9.3.1/../../../../arm-none-eabi/lib/thumb/v7-m/nofp\libc_nano.a(lib_a-errno.o)
 .ARM.attributes
                0x00000000000003ef       0x2d f:/stm32cubeide_1.7.0/stm32cubeide/plugins/com.st.stm32cube.ide.mcu.externaltools.gnu-tools-for-stm32.9-2020-q2-update.win32_2.0.0.202105311346/tools/bin/../lib/gcc/arm-none-eabi/9.3.1/../../../../arm-none-eabi/lib/thumb/v7-m/nofp\libc_nano.a(lib_a-impure.o)
 .ARM.attributes
                0x000000000000041c       0x2d f:/stm32cubeide_1.7.0/stm32cubeide/plugins/com.st.stm32cube.ide.mcu.externaltools.gnu-tools-for-stm32.9-2020-q2-update.win32_2.0.0.202105311346/tools/bin/../lib/gcc/arm-none-eabi/9.3.1/../../../../arm-none-eabi/lib/thumb/v7-m/nofp\libc_nano.a(lib_a-init.o)
 .ARM.attributes
                0x0000000000000449       0x2d f:/stm32cubeide_1.7.0/stm32cubeide/plugins/com.st.stm32cube.ide.mcu.externaltools.gnu-tools-for-stm32.9-2020-q2-update.win32_2.0.0.202105311346/tools/bin/../lib/gcc/arm-none-eabi/9.3.1/../../../../arm-none-eabi/lib/thumb/v7-m/nofp\libc_nano.a(lib_a-memset.o)
 .ARM.attributes
                0x0000000000000476       0x2d f:/stm32cubeide_1.7.0/stm32cubeide/plugins/com.st.stm32cube.ide.mcu.externaltools.gnu-tools-for-stm32.9-2020-q2-update.win32_2.0.0.202105311346/tools/bin/../lib/gcc/arm-none-eabi/9.3.1/../../../../arm-none-eabi/lib/thumb/v7-m/nofp\libc_nano.a(lib_a-sprintf.o)
 .ARM.attributes
                0x00000000000004a3       0x2d f:/stm32cubeide_1.7.0/stm32cubeide/plugins/com.st.stm32cube.ide.mcu.externaltools.gnu-tools-for-stm32.9-2020-q2-update.win32_2.0.0.202105311346/tools/bin/../lib/gcc/arm-none-eabi/9.3.1/../../../../arm-none-eabi/lib/thumb/v7-m/nofp\libc_nano.a(lib_a-nano-svfprintf.o)
 .ARM.attributes
                0x00000000000004d0       0x2d f:/stm32cubeide_1.7.0/stm32cubeide/plugins/com.st.stm32cube.ide.mcu.externaltools.gnu-tools-for-stm32.9-2020-q2-update.win32_2.0.0.202105311346/tools/bin/../lib/gcc/arm-none-eabi/9.3.1/../../../../arm-none-eabi/lib/thumb/v7-m/nofp\libc_nano.a(lib_a-nano-vfprintf_i.o)
 .ARM.attributes
                0x00000000000004fd       0x2d f:/stm32cubeide_1.7.0/stm32cubeide/plugins/com.st.stm32cube.ide.mcu.externaltools.gnu-tools-for-stm32.9-2020-q2-update.win32_2.0.0.202105311346/tools/bin/../lib/gcc/arm-none-eabi/9.3.1/../../../../arm-none-eabi/lib/thumb/v7-m/nofp\libc_nano.a(lib_a-memchr-stub.o)
 .ARM.attributes
                0x000000000000052a       0x2d f:/stm32cubeide_1.7.0/stm32cubeide/plugins/com.st.stm32cube.ide.mcu.externaltools.gnu-tools-for-stm32.9-2020-q2-update.win32_2.0.0.202105311346/tools/bin/../lib/gcc/arm-none-eabi/9.3.1/../../../../arm-none-eabi/lib/thumb/v7-m/nofp\libc_nano.a(lib_a-memcpy-stub.o)
 .ARM.attributes
                0x0000000000000557       0x2d f:/stm32cubeide_1.7.0/stm32cubeide/plugins/com.st.stm32cube.ide.mcu.externaltools.gnu-tools-for-stm32.9-2020-q2-update.win32_2.0.0.202105311346/tools/bin/../lib/gcc/arm-none-eabi/9.3.1/../../../../arm-none-eabi/lib/thumb/v7-m/nofp\libc_nano.a(lib_a-memmove.o)
 .ARM.attributes
                0x0000000000000584       0x2d f:/stm32cubeide_1.7.0/stm32cubeide/plugins/com.st.stm32cube.ide.mcu.externaltools.gnu-tools-for-stm32.9-2020-q2-update.win32_2.0.0.202105311346/tools/bin/../lib/gcc/arm-none-eabi/9.3.1/../../../../arm-none-eabi/lib/thumb/v7-m/nofp\libc_nano.a(lib_a-nano-freer.o)
 .ARM.attributes
                0x00000000000005b1       0x2d f:/stm32cubeide_1.7.0/stm32cubeide/plugins/com.st.stm32cube.ide.mcu.externaltools.gnu-tools-for-stm32.9-2020-q2-update.win32_2.0.0.202105311346/tools/bin/../lib/gcc/arm-none-eabi/9.3.1/../../../../arm-none-eabi/lib/thumb/v7-m/nofp\libc_nano.a(lib_a-nano-mallocr.o)
 .ARM.attributes
                0x00000000000005de       0x2d f:/stm32cubeide_1.7.0/stm32cubeide/plugins/com.st.stm32cube.ide.mcu.externaltools.gnu-tools-for-stm32.9-2020-q2-update.win32_2.0.0.202105311346/tools/bin/../lib/gcc/arm-none-eabi/9.3.1/../../../../arm-none-eabi/lib/thumb/v7-m/nofp\libc_nano.a(lib_a-nano-reallocr.o)
 .ARM.attributes
                0x000000000000060b       0x2d f:/stm32cubeide_1.7.0/stm32cubeide/plugins/com.st.stm32cube.ide.mcu.externaltools.gnu-tools-for-stm32.9-2020-q2-update.win32_2.0.0.202105311346/tools/bin/../lib/gcc/arm-none-eabi/9.3.1/../../../../arm-none-eabi/lib/thumb/v7-m/nofp\libc_nano.a(lib_a-sbrkr.o)
 .ARM.attributes
                0x0000000000000638       0x2d f:/stm32cubeide_1.7.0/stm32cubeide/plugins/com.st.stm32cube.ide.mcu.externaltools.gnu-tools-for-stm32.9-2020-q2-update.win32_2.0.0.202105311346/tools/bin/../lib/gcc/arm-none-eabi/9.3.1/../../../../arm-none-eabi/lib/thumb/v7-m/nofp\libc_nano.a(lib_a-mlock.o)
 .ARM.attributes
                0x0000000000000665       0x2d f:/stm32cubeide_1.7.0/stm32cubeide/plugins/com.st.stm32cube.ide.mcu.externaltools.gnu-tools-for-stm32.9-2020-q2-update.win32_2.0.0.202105311346/tools/bin/../lib/gcc/arm-none-eabi/9.3.1/../../../../arm-none-eabi/lib/thumb/v7-m/nofp\libc_nano.a(lib_a-nano-msizer.o)
 .ARM.attributes
                0x0000000000000692       0x2d f:/stm32cubeide_1.7.0/stm32cubeide/plugins/com.st.stm32cube.ide.mcu.externaltools.gnu-tools-for-stm32.9-2020-q2-update.win32_2.0.0.202105311346/tools/bin/../lib/gcc/arm-none-eabi/9.3.1/../../../../arm-none-eabi/lib/thumb/v7-m/nofp\libc_nano.a(lib_a-reent.o)
 .ARM.attributes
                0x00000000000006bf       0x2d f:/stm32cubeide_1.7.0/stm32cubeide/plugins/com.st.stm32cube.ide.mcu.externaltools.gnu-tools-for-stm32.9-2020-q2-update.win32_2.0.0.202105311346/tools/bin/../lib/gcc/arm-none-eabi/9.3.1/../../../../arm-none-eabi/lib/thumb/v7-m/nofp\libc_nano.a(lib_a-lock.o)
 .ARM.attributes
                0x00000000000006ec       0x1d f:/stm32cubeide_1.7.0/stm32cubeide/plugins/com.st.stm32cube.ide.mcu.externaltools.gnu-tools-for-stm32.9-2020-q2-update.win32_2.0.0.202105311346/tools/bin/../lib/gcc/arm-none-eabi/9.3.1/thumb/v7-m/nofp/crtn.o
OUTPUT(LED.elf elf32-littlearm)
LOAD linker stubs
LOAD f:/stm32cubeide_1.7.0/stm32cubeide/plugins/com.st.stm32cube.ide.mcu.externaltools.gnu-tools-for-stm32.9-2020-q2-update.win32_2.0.0.202105311346/tools/bin/../lib/gcc/arm-none-eabi/9.3.1/../../../../arm-none-eabi/lib/thumb/v7-m/nofp\libc.a
LOAD f:/stm32cubeide_1.7.0/stm32cubeide/plugins/com.st.stm32cube.ide.mcu.externaltools.gnu-tools-for-stm32.9-2020-q2-update.win32_2.0.0.202105311346/tools/bin/../lib/gcc/arm-none-eabi/9.3.1/../../../../arm-none-eabi/lib/thumb/v7-m/nofp\libm.a
LOAD f:/stm32cubeide_1.7.0/stm32cubeide/plugins/com.st.stm32cube.ide.mcu.externaltools.gnu-tools-for-stm32.9-2020-q2-update.win32_2.0.0.202105311346/tools/bin/../lib/gcc/arm-none-eabi/9.3.1/thumb/v7-m/nofp\libgcc.a

.debug_info     0x0000000000000000    0x129f8
 .debug_info    0x0000000000000000      0x271 ./Core/Src/A_SINGLE_LED_DEBUGGING.o
 .debug_info    0x0000000000000271     0x1109 ./Core/Src/FSM_UART.o
 .debug_info    0x000000000000137a      0xe73 ./Core/Src/LED_SERIES_PROCESSING.o
 .debug_info    0x00000000000021ed      0x6c4 ./Core/Src/app_i2c.o
 .debug_info    0x00000000000028b1     0x1570 ./Core/Src/app_i2c_lcd.o
 .debug_info    0x0000000000003e21     0x1abf ./Core/Src/main.o
 .debug_info    0x00000000000058e0     0x1170 ./Core/Src/stm32f1xx_hal_msp.o
 .debug_info    0x0000000000006a50      0xa22 ./Core/Src/stm32f1xx_it.o
 .debug_info    0x0000000000007472      0xa25 ./Core/Src/sysmem.o
 .debug_info    0x0000000000007e97      0x2be ./Core/Src/system_stm32f1xx.o
 .debug_info    0x0000000000008155       0x22 ./Core/Startup/startup_stm32f103retx.o
 .debug_info    0x0000000000008177      0x7d0 ./Drivers/STM32F1xx_HAL_Driver/Src/stm32f1xx_hal.o
 .debug_info    0x0000000000008947      0xc42 ./Drivers/STM32F1xx_HAL_Driver/Src/stm32f1xx_hal_cortex.o
 .debug_info    0x0000000000009589      0x81e ./Drivers/STM32F1xx_HAL_Driver/Src/stm32f1xx_hal_dma.o
 .debug_info    0x0000000000009da7      0x701 ./Drivers/STM32F1xx_HAL_Driver/Src/stm32f1xx_hal_gpio.o
 .debug_info    0x000000000000a4a8     0x278e ./Drivers/STM32F1xx_HAL_Driver/Src/stm32f1xx_hal_i2c.o
 .debug_info    0x000000000000cc36      0x88e ./Drivers/STM32F1xx_HAL_Driver/Src/stm32f1xx_hal_rcc.o
 .debug_info    0x000000000000d4c4     0x2a45 ./Drivers/STM32F1xx_HAL_Driver/Src/stm32f1xx_hal_tim.o
 .debug_info    0x000000000000ff09     0x14d5 ./Drivers/STM32F1xx_HAL_Driver/Src/stm32f1xx_hal_tim_ex.o
 .debug_info    0x00000000000113de     0x161a ./Drivers/STM32F1xx_HAL_Driver/Src/stm32f1xx_hal_uart.o

.debug_abbrev   0x0000000000000000     0x297c
 .debug_abbrev  0x0000000000000000      0x152 ./Core/Src/A_SINGLE_LED_DEBUGGING.o
 .debug_abbrev  0x0000000000000152      0x23a ./Core/Src/FSM_UART.o
 .debug_abbrev  0x000000000000038c      0x267 ./Core/Src/LED_SERIES_PROCESSING.o
 .debug_abbrev  0x00000000000005f3      0x15c ./Core/Src/app_i2c.o
 .debug_abbrev  0x000000000000074f      0x365 ./Core/Src/app_i2c_lcd.o
 .debug_abbrev  0x0000000000000ab4      0x311 ./Core/Src/main.o
 .debug_abbrev  0x0000000000000dc5      0x1c8 ./Core/Src/stm32f1xx_hal_msp.o
 .debug_abbrev  0x0000000000000f8d      0x176 ./Core/Src/stm32f1xx_it.o
 .debug_abbrev  0x0000000000001103      0x1bf ./Core/Src/sysmem.o
 .debug_abbrev  0x00000000000012c2      0x14e ./Core/Src/system_stm32f1xx.o
 .debug_abbrev  0x0000000000001410       0x12 ./Core/Startup/startup_stm32f103retx.o
 .debug_abbrev  0x0000000000001422      0x1ed ./Drivers/STM32F1xx_HAL_Driver/Src/stm32f1xx_hal.o
 .debug_abbrev  0x000000000000160f      0x313 ./Drivers/STM32F1xx_HAL_Driver/Src/stm32f1xx_hal_cortex.o
 .debug_abbrev  0x0000000000001922      0x228 ./Drivers/STM32F1xx_HAL_Driver/Src/stm32f1xx_hal_dma.o
 .debug_abbrev  0x0000000000001b4a      0x1e8 ./Drivers/STM32F1xx_HAL_Driver/Src/stm32f1xx_hal_gpio.o
 .debug_abbrev  0x0000000000001d32      0x288 ./Drivers/STM32F1xx_HAL_Driver/Src/stm32f1xx_hal_i2c.o
 .debug_abbrev  0x0000000000001fba      0x273 ./Drivers/STM32F1xx_HAL_Driver/Src/stm32f1xx_hal_rcc.o
 .debug_abbrev  0x000000000000222d      0x25e ./Drivers/STM32F1xx_HAL_Driver/Src/stm32f1xx_hal_tim.o
 .debug_abbrev  0x000000000000248b      0x266 ./Drivers/STM32F1xx_HAL_Driver/Src/stm32f1xx_hal_tim_ex.o
 .debug_abbrev  0x00000000000026f1      0x28b ./Drivers/STM32F1xx_HAL_Driver/Src/stm32f1xx_hal_uart.o

.debug_aranges  0x0000000000000000     0x10f0
 .debug_aranges
                0x0000000000000000       0x28 ./Core/Src/A_SINGLE_LED_DEBUGGING.o
 .debug_aranges
                0x0000000000000028       0x48 ./Core/Src/FSM_UART.o
 .debug_aranges
                0x0000000000000070       0x80 ./Core/Src/LED_SERIES_PROCESSING.o
 .debug_aranges
                0x00000000000000f0       0x20 ./Core/Src/app_i2c.o
 .debug_aranges
                0x0000000000000110      0x130 ./Core/Src/app_i2c_lcd.o
 .debug_aranges
                0x0000000000000240       0x60 ./Core/Src/main.o
 .debug_aranges
                0x00000000000002a0       0x50 ./Core/Src/stm32f1xx_hal_msp.o
 .debug_aranges
                0x00000000000002f0       0x70 ./Core/Src/stm32f1xx_it.o
 .debug_aranges
                0x0000000000000360       0x20 ./Core/Src/sysmem.o
 .debug_aranges
                0x0000000000000380       0x28 ./Core/Src/system_stm32f1xx.o
 .debug_aranges
                0x00000000000003a8       0x28 ./Core/Startup/startup_stm32f103retx.o
 .debug_aranges
                0x00000000000003d0       0xe0 ./Drivers/STM32F1xx_HAL_Driver/Src/stm32f1xx_hal.o
 .debug_aranges
                0x00000000000004b0      0x100 ./Drivers/STM32F1xx_HAL_Driver/Src/stm32f1xx_hal_cortex.o
 .debug_aranges
                0x00000000000005b0       0x80 ./Drivers/STM32F1xx_HAL_Driver/Src/stm32f1xx_hal_dma.o
 .debug_aranges
                0x0000000000000630       0x58 ./Drivers/STM32F1xx_HAL_Driver/Src/stm32f1xx_hal_gpio.o
 .debug_aranges
                0x0000000000000688      0x2a0 ./Drivers/STM32F1xx_HAL_Driver/Src/stm32f1xx_hal_i2c.o
 .debug_aranges
                0x0000000000000928       0x90 ./Drivers/STM32F1xx_HAL_Driver/Src/stm32f1xx_hal_rcc.o
 .debug_aranges
                0x00000000000009b8      0x3d0 ./Drivers/STM32F1xx_HAL_Driver/Src/stm32f1xx_hal_tim.o
 .debug_aranges
                0x0000000000000d88      0x168 ./Drivers/STM32F1xx_HAL_Driver/Src/stm32f1xx_hal_tim_ex.o
 .debug_aranges
                0x0000000000000ef0      0x200 ./Drivers/STM32F1xx_HAL_Driver/Src/stm32f1xx_hal_uart.o

.debug_ranges   0x0000000000000000     0x1010
 .debug_ranges  0x0000000000000000       0x18 ./Core/Src/A_SINGLE_LED_DEBUGGING.o
 .debug_ranges  0x0000000000000018       0x38 ./Core/Src/FSM_UART.o
 .debug_ranges  0x0000000000000050       0x70 ./Core/Src/LED_SERIES_PROCESSING.o
 .debug_ranges  0x00000000000000c0       0x10 ./Core/Src/app_i2c.o
 .debug_ranges  0x00000000000000d0      0x120 ./Core/Src/app_i2c_lcd.o
 .debug_ranges  0x00000000000001f0       0x50 ./Core/Src/main.o
 .debug_ranges  0x0000000000000240       0x40 ./Core/Src/stm32f1xx_hal_msp.o
 .debug_ranges  0x0000000000000280       0x60 ./Core/Src/stm32f1xx_it.o
 .debug_ranges  0x00000000000002e0       0x10 ./Core/Src/sysmem.o
 .debug_ranges  0x00000000000002f0       0x18 ./Core/Src/system_stm32f1xx.o
 .debug_ranges  0x0000000000000308       0x20 ./Core/Startup/startup_stm32f103retx.o
 .debug_ranges  0x0000000000000328       0xd0 ./Drivers/STM32F1xx_HAL_Driver/Src/stm32f1xx_hal.o
 .debug_ranges  0x00000000000003f8       0xf0 ./Drivers/STM32F1xx_HAL_Driver/Src/stm32f1xx_hal_cortex.o
 .debug_ranges  0x00000000000004e8       0x70 ./Drivers/STM32F1xx_HAL_Driver/Src/stm32f1xx_hal_dma.o
 .debug_ranges  0x0000000000000558       0x48 ./Drivers/STM32F1xx_HAL_Driver/Src/stm32f1xx_hal_gpio.o
 .debug_ranges  0x00000000000005a0      0x2b8 ./Drivers/STM32F1xx_HAL_Driver/Src/stm32f1xx_hal_i2c.o
 .debug_ranges  0x0000000000000858       0x80 ./Drivers/STM32F1xx_HAL_Driver/Src/stm32f1xx_hal_rcc.o
 .debug_ranges  0x00000000000008d8      0x3c0 ./Drivers/STM32F1xx_HAL_Driver/Src/stm32f1xx_hal_tim.o
 .debug_ranges  0x0000000000000c98      0x158 ./Drivers/STM32F1xx_HAL_Driver/Src/stm32f1xx_hal_tim_ex.o
 .debug_ranges  0x0000000000000df0      0x220 ./Drivers/STM32F1xx_HAL_Driver/Src/stm32f1xx_hal_uart.o

.debug_macro    0x0000000000000000    0x1b82b
 .debug_macro   0x0000000000000000      0x1d5 ./Core/Src/A_SINGLE_LED_DEBUGGING.o
 .debug_macro   0x00000000000001d5      0xa9c ./Core/Src/A_SINGLE_LED_DEBUGGING.o
 .debug_macro   0x0000000000000c71      0x221 ./Core/Src/A_SINGLE_LED_DEBUGGING.o
 .debug_macro   0x0000000000000e92       0x2e ./Core/Src/A_SINGLE_LED_DEBUGGING.o
 .debug_macro   0x0000000000000ec0       0x22 ./Core/Src/A_SINGLE_LED_DEBUGGING.o
 .debug_macro   0x0000000000000ee2       0x22 ./Core/Src/A_SINGLE_LED_DEBUGGING.o
 .debug_macro   0x0000000000000f04       0x8e ./Core/Src/A_SINGLE_LED_DEBUGGING.o
 .debug_macro   0x0000000000000f92       0x51 ./Core/Src/A_SINGLE_LED_DEBUGGING.o
 .debug_macro   0x0000000000000fe3      0x103 ./Core/Src/A_SINGLE_LED_DEBUGGING.o
 .debug_macro   0x00000000000010e6       0x6a ./Core/Src/A_SINGLE_LED_DEBUGGING.o
 .debug_macro   0x0000000000001150      0x1df ./Core/Src/A_SINGLE_LED_DEBUGGING.o
 .debug_macro   0x000000000000132f       0x1c ./Core/Src/A_SINGLE_LED_DEBUGGING.o
 .debug_macro   0x000000000000134b       0x22 ./Core/Src/A_SINGLE_LED_DEBUGGING.o
 .debug_macro   0x000000000000136d       0xc3 ./Core/Src/A_SINGLE_LED_DEBUGGING.o
 .debug_macro   0x0000000000001430      0xd23 ./Core/Src/A_SINGLE_LED_DEBUGGING.o
 .debug_macro   0x0000000000002153     0xfd8c ./Core/Src/A_SINGLE_LED_DEBUGGING.o
 .debug_macro   0x0000000000011edf       0x6d ./Core/Src/A_SINGLE_LED_DEBUGGING.o
 .debug_macro   0x0000000000011f4c     0x3468 ./Core/Src/A_SINGLE_LED_DEBUGGING.o
 .debug_macro   0x00000000000153b4      0x174 ./Core/Src/A_SINGLE_LED_DEBUGGING.o
 .debug_macro   0x0000000000015528       0x5c ./Core/Src/A_SINGLE_LED_DEBUGGING.o
 .debug_macro   0x0000000000015584      0x5be ./Core/Src/A_SINGLE_LED_DEBUGGING.o
 .debug_macro   0x0000000000015b42      0x4d5 ./Core/Src/A_SINGLE_LED_DEBUGGING.o
 .debug_macro   0x0000000000016017      0x1cb ./Core/Src/A_SINGLE_LED_DEBUGGING.o
 .debug_macro   0x00000000000161e2      0x114 ./Core/Src/A_SINGLE_LED_DEBUGGING.o
 .debug_macro   0x00000000000162f6      0x1ea ./Core/Src/A_SINGLE_LED_DEBUGGING.o
 .debug_macro   0x00000000000164e0       0x27 ./Core/Src/A_SINGLE_LED_DEBUGGING.o
 .debug_macro   0x0000000000016507      0x144 ./Core/Src/A_SINGLE_LED_DEBUGGING.o
 .debug_macro   0x000000000001664b      0x1bc ./Core/Src/A_SINGLE_LED_DEBUGGING.o
 .debug_macro   0x0000000000016807       0x30 ./Core/Src/A_SINGLE_LED_DEBUGGING.o
 .debug_macro   0x0000000000016837       0x3c ./Core/Src/A_SINGLE_LED_DEBUGGING.o
 .debug_macro   0x0000000000016873       0x57 ./Core/Src/A_SINGLE_LED_DEBUGGING.o
 .debug_macro   0x00000000000168ca       0x88 ./Core/Src/A_SINGLE_LED_DEBUGGING.o
 .debug_macro   0x0000000000016952      0x24f ./Core/Src/A_SINGLE_LED_DEBUGGING.o
 .debug_macro   0x0000000000016ba1      0x287 ./Core/Src/A_SINGLE_LED_DEBUGGING.o
 .debug_macro   0x0000000000016e28      0x141 ./Core/Src/A_SINGLE_LED_DEBUGGING.o
 .debug_macro   0x0000000000016f69      0x8d1 ./Core/Src/A_SINGLE_LED_DEBUGGING.o
 .debug_macro   0x000000000001783a      0x279 ./Core/Src/A_SINGLE_LED_DEBUGGING.o
 .debug_macro   0x0000000000017ab3       0xb5 ./Core/Src/A_SINGLE_LED_DEBUGGING.o
 .debug_macro   0x0000000000017b68       0x4c ./Core/Src/A_SINGLE_LED_DEBUGGING.o
 .debug_macro   0x0000000000017bb4       0x52 ./Core/Src/A_SINGLE_LED_DEBUGGING.o
 .debug_macro   0x0000000000017c06      0x363 ./Core/Src/FSM_UART.o
 .debug_macro   0x0000000000017f69       0x34 ./Core/Src/FSM_UART.o
 .debug_macro   0x0000000000017f9d       0x3a ./Core/Src/FSM_UART.o
 .debug_macro   0x0000000000017fd7       0x52 ./Core/Src/FSM_UART.o
 .debug_macro   0x0000000000018029       0x18 ./Core/Src/FSM_UART.o
 .debug_macro   0x0000000000018041       0x3c ./Core/Src/FSM_UART.o
 .debug_macro   0x000000000001807d       0x34 ./Core/Src/FSM_UART.o
 .debug_macro   0x00000000000180b1       0x16 ./Core/Src/FSM_UART.o
 .debug_macro   0x00000000000180c7       0x35 ./Core/Src/FSM_UART.o
 .debug_macro   0x00000000000180fc      0x333 ./Core/Src/FSM_UART.o
 .debug_macro   0x000000000001842f       0x10 ./Core/Src/FSM_UART.o
 .debug_macro   0x000000000001843f       0x16 ./Core/Src/FSM_UART.o
 .debug_macro   0x0000000000018455       0x43 ./Core/Src/FSM_UART.o
 .debug_macro   0x0000000000018498       0x34 ./Core/Src/FSM_UART.o
 .debug_macro   0x00000000000184cc       0x10 ./Core/Src/FSM_UART.o
 .debug_macro   0x00000000000184dc       0x58 ./Core/Src/FSM_UART.o
 .debug_macro   0x0000000000018534       0x71 ./Core/Src/FSM_UART.o
 .debug_macro   0x00000000000185a5       0x1c ./Core/Src/FSM_UART.o
 .debug_macro   0x00000000000185c1      0x12a ./Core/Src/FSM_UART.o
 .debug_macro   0x00000000000186eb       0x10 ./Core/Src/FSM_UART.o
 .debug_macro   0x00000000000186fb       0x1c ./Core/Src/FSM_UART.o
 .debug_macro   0x0000000000018717       0x52 ./Core/Src/FSM_UART.o
 .debug_macro   0x0000000000018769       0x22 ./Core/Src/FSM_UART.o
 .debug_macro   0x000000000001878b       0x10 ./Core/Src/FSM_UART.o
 .debug_macro   0x000000000001879b       0x40 ./Core/Src/FSM_UART.o
 .debug_macro   0x00000000000187db       0xd5 ./Core/Src/FSM_UART.o
 .debug_macro   0x00000000000188b0       0x1c ./Core/Src/FSM_UART.o
 .debug_macro   0x00000000000188cc       0x3d ./Core/Src/FSM_UART.o
 .debug_macro   0x0000000000018909       0x16 ./Core/Src/FSM_UART.o
 .debug_macro   0x000000000001891f      0x145 ./Core/Src/FSM_UART.o
 .debug_macro   0x0000000000018a64       0x16 ./Core/Src/FSM_UART.o
 .debug_macro   0x0000000000018a7a       0x20 ./Core/Src/FSM_UART.o
 .debug_macro   0x0000000000018a9a      0x331 ./Core/Src/LED_SERIES_PROCESSING.o
 .debug_macro   0x0000000000018dcb       0x4c ./Core/Src/LED_SERIES_PROCESSING.o
 .debug_macro   0x0000000000018e17       0x94 ./Core/Src/LED_SERIES_PROCESSING.o
 .debug_macro   0x0000000000018eab       0x57 ./Core/Src/LED_SERIES_PROCESSING.o
 .debug_macro   0x0000000000018f02       0x97 ./Core/Src/LED_SERIES_PROCESSING.o
 .debug_macro   0x0000000000018f99      0x339 ./Core/Src/LED_SERIES_PROCESSING.o
 .debug_macro   0x00000000000192d2       0xfd ./Core/Src/LED_SERIES_PROCESSING.o
 .debug_macro   0x00000000000193cf       0xbd ./Core/Src/LED_SERIES_PROCESSING.o
 .debug_macro   0x000000000001948c       0x56 ./Core/Src/LED_SERIES_PROCESSING.o
 .debug_macro   0x00000000000194e2       0x34 ./Core/Src/LED_SERIES_PROCESSING.o
 .debug_macro   0x0000000000019516       0x3a ./Core/Src/LED_SERIES_PROCESSING.o
 .debug_macro   0x0000000000019550      0x1ce ./Core/Src/app_i2c.o
 .debug_macro   0x000000000001971e      0x365 ./Core/Src/app_i2c_lcd.o
 .debug_macro   0x0000000000019a83      0x1a9 ./Core/Src/app_i2c_lcd.o
 .debug_macro   0x0000000000019c2c      0x387 ./Core/Src/main.o
 .debug_macro   0x0000000000019fb3       0x10 ./Core/Src/main.o
 .debug_macro   0x0000000000019fc3      0x1bc ./Core/Src/stm32f1xx_hal_msp.o
 .debug_macro   0x000000000001a17f      0x1c6 ./Core/Src/stm32f1xx_it.o
 .debug_macro   0x000000000001a345       0xff ./Core/Src/sysmem.o
 .debug_macro   0x000000000001a444      0x23b ./Core/Src/sysmem.o
 .debug_macro   0x000000000001a67f      0x1ad ./Core/Src/system_stm32f1xx.o
 .debug_macro   0x000000000001a82c      0x1d1 ./Drivers/STM32F1xx_HAL_Driver/Src/stm32f1xx_hal.o
 .debug_macro   0x000000000001a9fd      0x1ad ./Drivers/STM32F1xx_HAL_Driver/Src/stm32f1xx_hal_cortex.o
 .debug_macro   0x000000000001abaa      0x1ad ./Drivers/STM32F1xx_HAL_Driver/Src/stm32f1xx_hal_dma.o
 .debug_macro   0x000000000001ad57      0x218 ./Drivers/STM32F1xx_HAL_Driver/Src/stm32f1xx_hal_gpio.o
 .debug_macro   0x000000000001af6f      0x1f4 ./Drivers/STM32F1xx_HAL_Driver/Src/stm32f1xx_hal_i2c.o
 .debug_macro   0x000000000001b163      0x1bf ./Drivers/STM32F1xx_HAL_Driver/Src/stm32f1xx_hal_rcc.o
 .debug_macro   0x000000000001b322      0x1ae ./Drivers/STM32F1xx_HAL_Driver/Src/stm32f1xx_hal_tim.o
 .debug_macro   0x000000000001b4d0      0x1ad ./Drivers/STM32F1xx_HAL_Driver/Src/stm32f1xx_hal_tim_ex.o
 .debug_macro   0x000000000001b67d      0x1ae ./Drivers/STM32F1xx_HAL_Driver/Src/stm32f1xx_hal_uart.o

.debug_line     0x0000000000000000    0x135ad
 .debug_line    0x0000000000000000      0x6e4 ./Core/Src/A_SINGLE_LED_DEBUGGING.o
 .debug_line    0x00000000000006e4      0xabf ./Core/Src/FSM_UART.o
 .debug_line    0x00000000000011a3      0xb31 ./Core/Src/LED_SERIES_PROCESSING.o
 .debug_line    0x0000000000001cd4      0x68b ./Core/Src/app_i2c.o
 .debug_line    0x000000000000235f      0xbf0 ./Core/Src/app_i2c_lcd.o
 .debug_line    0x0000000000002f4f      0xadc ./Core/Src/main.o
 .debug_line    0x0000000000003a2b      0x764 ./Core/Src/stm32f1xx_hal_msp.o
 .debug_line    0x000000000000418f      0x77a ./Core/Src/stm32f1xx_it.o
 .debug_line    0x0000000000004909      0x4e9 ./Core/Src/sysmem.o
 .debug_line    0x0000000000004df2      0x706 ./Core/Src/system_stm32f1xx.o
 .debug_line    0x00000000000054f8       0x87 ./Core/Startup/startup_stm32f103retx.o
 .debug_line    0x000000000000557f      0x93f ./Drivers/STM32F1xx_HAL_Driver/Src/stm32f1xx_hal.o
 .debug_line    0x0000000000005ebe      0xb27 ./Drivers/STM32F1xx_HAL_Driver/Src/stm32f1xx_hal_cortex.o
 .debug_line    0x00000000000069e5     0x1269 ./Drivers/STM32F1xx_HAL_Driver/Src/stm32f1xx_hal_dma.o
 .debug_line    0x0000000000007c4e      0x9fe ./Drivers/STM32F1xx_HAL_Driver/Src/stm32f1xx_hal_gpio.o
 .debug_line    0x000000000000864c     0x3a29 ./Drivers/STM32F1xx_HAL_Driver/Src/stm32f1xx_hal_i2c.o
 .debug_line    0x000000000000c075      0xd4d ./Drivers/STM32F1xx_HAL_Driver/Src/stm32f1xx_hal_rcc.o
 .debug_line    0x000000000000cdc2     0x3506 ./Drivers/STM32F1xx_HAL_Driver/Src/stm32f1xx_hal_tim.o
 .debug_line    0x00000000000102c8     0x18cb ./Drivers/STM32F1xx_HAL_Driver/Src/stm32f1xx_hal_tim_ex.o
 .debug_line    0x0000000000011b93     0x1a1a ./Drivers/STM32F1xx_HAL_Driver/Src/stm32f1xx_hal_uart.o

.debug_str      0x0000000000000000    0x9c75e
 .debug_str     0x0000000000000000    0x92eb6 ./Core/Src/A_SINGLE_LED_DEBUGGING.o
                                      0x932be (size before relaxing)
 .debug_str     0x0000000000092eb6     0x465e ./Core/Src/FSM_UART.o
                                      0x97840 (size before relaxing)
 .debug_str     0x0000000000097514      0x187 ./Core/Src/LED_SERIES_PROCESSING.o
                                      0x974e6 (size before relaxing)
 .debug_str     0x000000000009769b      0x2b2 ./Core/Src/app_i2c.o
                                      0x935dd (size before relaxing)
 .debug_str     0x000000000009794d      0xd31 ./Core/Src/app_i2c_lcd.o
                                      0x974a6 (size before relaxing)
 .debug_str     0x000000000009867e      0x55d ./Core/Src/main.o
                                      0x98185 (size before relaxing)
 .debug_str     0x0000000000098bdb      0x3d7 ./Core/Src/stm32f1xx_hal_msp.o
                                      0x93f0f (size before relaxing)
 .debug_str     0x0000000000098fb2       0xdf ./Core/Src/stm32f1xx_it.o
                                      0x93867 (size before relaxing)
 .debug_str     0x0000000000099091      0x4e9 ./Core/Src/sysmem.o
                                       0x624f (size before relaxing)
 .debug_str     0x000000000009957a       0x52 ./Core/Src/system_stm32f1xx.o
                                      0x93071 (size before relaxing)
 .debug_str     0x00000000000995cc       0x57 ./Core/Startup/startup_stm32f103retx.o
 .debug_str     0x0000000000099623      0x304 ./Drivers/STM32F1xx_HAL_Driver/Src/stm32f1xx_hal.o
                                      0x937da (size before relaxing)
 .debug_str     0x0000000000099927      0x300 ./Drivers/STM32F1xx_HAL_Driver/Src/stm32f1xx_hal_cortex.o
                                      0x937e2 (size before relaxing)
 .debug_str     0x0000000000099c27      0x230 ./Drivers/STM32F1xx_HAL_Driver/Src/stm32f1xx_hal_dma.o
                                      0x93440 (size before relaxing)
 .debug_str     0x0000000000099e57      0x311 ./Drivers/STM32F1xx_HAL_Driver/Src/stm32f1xx_hal_gpio.o
                                      0x93429 (size before relaxing)
 .debug_str     0x000000000009a168      0xb47 ./Drivers/STM32F1xx_HAL_Driver/Src/stm32f1xx_hal_i2c.o
                                      0x940a1 (size before relaxing)
 .debug_str     0x000000000009acaf      0x244 ./Drivers/STM32F1xx_HAL_Driver/Src/stm32f1xx_hal_rcc.o
                                      0x93462 (size before relaxing)
 .debug_str     0x000000000009aef3      0xdb7 ./Drivers/STM32F1xx_HAL_Driver/Src/stm32f1xx_hal_tim.o
                                      0x94434 (size before relaxing)
 .debug_str     0x000000000009bcaa      0x4ee ./Drivers/STM32F1xx_HAL_Driver/Src/stm32f1xx_hal_tim_ex.o
                                      0x93be5 (size before relaxing)
 .debug_str     0x000000000009c198      0x5c6 ./Drivers/STM32F1xx_HAL_Driver/Src/stm32f1xx_hal_uart.o
                                      0x93a54 (size before relaxing)

.comment        0x0000000000000000       0x53
 .comment       0x0000000000000000       0x53 ./Core/Src/A_SINGLE_LED_DEBUGGING.o
                                         0x54 (size before relaxing)
 .comment       0x0000000000000053       0x54 ./Core/Src/FSM_UART.o
 .comment       0x0000000000000053       0x54 ./Core/Src/LED_SERIES_PROCESSING.o
 .comment       0x0000000000000053       0x54 ./Core/Src/app_i2c.o
 .comment       0x0000000000000053       0x54 ./Core/Src/app_i2c_lcd.o
 .comment       0x0000000000000053       0x54 ./Core/Src/main.o
 .comment       0x0000000000000053       0x54 ./Core/Src/stm32f1xx_hal_msp.o
 .comment       0x0000000000000053       0x54 ./Core/Src/stm32f1xx_it.o
 .comment       0x0000000000000053       0x54 ./Core/Src/sysmem.o
 .comment       0x0000000000000053       0x54 ./Core/Src/system_stm32f1xx.o
 .comment       0x0000000000000053       0x54 ./Drivers/STM32F1xx_HAL_Driver/Src/stm32f1xx_hal.o
 .comment       0x0000000000000053       0x54 ./Drivers/STM32F1xx_HAL_Driver/Src/stm32f1xx_hal_cortex.o
 .comment       0x0000000000000053       0x54 ./Drivers/STM32F1xx_HAL_Driver/Src/stm32f1xx_hal_dma.o
 .comment       0x0000000000000053       0x54 ./Drivers/STM32F1xx_HAL_Driver/Src/stm32f1xx_hal_gpio.o
 .comment       0x0000000000000053       0x54 ./Drivers/STM32F1xx_HAL_Driver/Src/stm32f1xx_hal_i2c.o
 .comment       0x0000000000000053       0x54 ./Drivers/STM32F1xx_HAL_Driver/Src/stm32f1xx_hal_rcc.o
 .comment       0x0000000000000053       0x54 ./Drivers/STM32F1xx_HAL_Driver/Src/stm32f1xx_hal_tim.o
 .comment       0x0000000000000053       0x54 ./Drivers/STM32F1xx_HAL_Driver/Src/stm32f1xx_hal_tim_ex.o
 .comment       0x0000000000000053       0x54 ./Drivers/STM32F1xx_HAL_Driver/Src/stm32f1xx_hal_uart.o

.debug_frame    0x0000000000000000     0x4a1c
 .debug_frame   0x0000000000000000       0x50 ./Core/Src/A_SINGLE_LED_DEBUGGING.o
 .debug_frame   0x0000000000000050       0xcc ./Core/Src/FSM_UART.o
 .debug_frame   0x000000000000011c      0x1b0 ./Core/Src/LED_SERIES_PROCESSING.o
 .debug_frame   0x00000000000002cc       0x2c ./Core/Src/app_i2c.o
 .debug_frame   0x00000000000002f8      0x47c ./Core/Src/app_i2c_lcd.o
 .debug_frame   0x0000000000000774      0x130 ./Core/Src/main.o
 .debug_frame   0x00000000000008a4      0x110 ./Core/Src/stm32f1xx_hal_msp.o
 .debug_frame   0x00000000000009b4      0x13c ./Core/Src/stm32f1xx_it.o
 .debug_frame   0x0000000000000af0       0x34 ./Core/Src/sysmem.o
 .debug_frame   0x0000000000000b24       0x58 ./Core/Src/system_stm32f1xx.o
 .debug_frame   0x0000000000000b7c      0x334 ./Drivers/STM32F1xx_HAL_Driver/Src/stm32f1xx_hal.o
 .debug_frame   0x0000000000000eb0      0x428 ./Drivers/STM32F1xx_HAL_Driver/Src/stm32f1xx_hal_cortex.o
 .debug_frame   0x00000000000012d8      0x20c ./Drivers/STM32F1xx_HAL_Driver/Src/stm32f1xx_hal_dma.o
 .debug_frame   0x00000000000014e4      0x14c ./Drivers/STM32F1xx_HAL_Driver/Src/stm32f1xx_hal_gpio.o
 .debug_frame   0x0000000000001630      0xc5c ./Drivers/STM32F1xx_HAL_Driver/Src/stm32f1xx_hal_i2c.o
 .debug_frame   0x000000000000228c      0x21c ./Drivers/STM32F1xx_HAL_Driver/Src/stm32f1xx_hal_rcc.o
 .debug_frame   0x00000000000024a8     0x11bc ./Drivers/STM32F1xx_HAL_Driver/Src/stm32f1xx_hal_tim.o
 .debug_frame   0x0000000000003664      0x638 ./Drivers/STM32F1xx_HAL_Driver/Src/stm32f1xx_hal_tim_ex.o
 .debug_frame   0x0000000000003c9c      0x914 ./Drivers/STM32F1xx_HAL_Driver/Src/stm32f1xx_hal_uart.o
 .debug_frame   0x00000000000045b0       0x20 f:/stm32cubeide_1.7.0/stm32cubeide/plugins/com.st.stm32cube.ide.mcu.externaltools.gnu-tools-for-stm32.9-2020-q2-update.win32_2.0.0.202105311346/tools/bin/../lib/gcc/arm-none-eabi/9.3.1/../../../../arm-none-eabi/lib/thumb/v7-m/nofp\libc_nano.a(lib_a-errno.o)
 .debug_frame   0x00000000000045d0       0x2c f:/stm32cubeide_1.7.0/stm32cubeide/plugins/com.st.stm32cube.ide.mcu.externaltools.gnu-tools-for-stm32.9-2020-q2-update.win32_2.0.0.202105311346/tools/bin/../lib/gcc/arm-none-eabi/9.3.1/../../../../arm-none-eabi/lib/thumb/v7-m/nofp\libc_nano.a(lib_a-init.o)
 .debug_frame   0x00000000000045fc       0x20 f:/stm32cubeide_1.7.0/stm32cubeide/plugins/com.st.stm32cube.ide.mcu.externaltools.gnu-tools-for-stm32.9-2020-q2-update.win32_2.0.0.202105311346/tools/bin/../lib/gcc/arm-none-eabi/9.3.1/../../../../arm-none-eabi/lib/thumb/v7-m/nofp\libc_nano.a(lib_a-memset.o)
 .debug_frame   0x000000000000461c       0x6c f:/stm32cubeide_1.7.0/stm32cubeide/plugins/com.st.stm32cube.ide.mcu.externaltools.gnu-tools-for-stm32.9-2020-q2-update.win32_2.0.0.202105311346/tools/bin/../lib/gcc/arm-none-eabi/9.3.1/../../../../arm-none-eabi/lib/thumb/v7-m/nofp\libc_nano.a(lib_a-sprintf.o)
 .debug_frame   0x0000000000004688       0x90 f:/stm32cubeide_1.7.0/stm32cubeide/plugins/com.st.stm32cube.ide.mcu.externaltools.gnu-tools-for-stm32.9-2020-q2-update.win32_2.0.0.202105311346/tools/bin/../lib/gcc/arm-none-eabi/9.3.1/../../../../arm-none-eabi/lib/thumb/v7-m/nofp\libc_nano.a(lib_a-nano-svfprintf.o)
 .debug_frame   0x0000000000004718       0x60 f:/stm32cubeide_1.7.0/stm32cubeide/plugins/com.st.stm32cube.ide.mcu.externaltools.gnu-tools-for-stm32.9-2020-q2-update.win32_2.0.0.202105311346/tools/bin/../lib/gcc/arm-none-eabi/9.3.1/../../../../arm-none-eabi/lib/thumb/v7-m/nofp\libc_nano.a(lib_a-nano-vfprintf_i.o)
 .debug_frame   0x0000000000004778       0x28 f:/stm32cubeide_1.7.0/stm32cubeide/plugins/com.st.stm32cube.ide.mcu.externaltools.gnu-tools-for-stm32.9-2020-q2-update.win32_2.0.0.202105311346/tools/bin/../lib/gcc/arm-none-eabi/9.3.1/../../../../arm-none-eabi/lib/thumb/v7-m/nofp\libc_nano.a(lib_a-memchr-stub.o)
 .debug_frame   0x00000000000047a0       0x28 f:/stm32cubeide_1.7.0/stm32cubeide/plugins/com.st.stm32cube.ide.mcu.externaltools.gnu-tools-for-stm32.9-2020-q2-update.win32_2.0.0.202105311346/tools/bin/../lib/gcc/arm-none-eabi/9.3.1/../../../../arm-none-eabi/lib/thumb/v7-m/nofp\libc_nano.a(lib_a-memcpy-stub.o)
 .debug_frame   0x00000000000047c8       0x28 f:/stm32cubeide_1.7.0/stm32cubeide/plugins/com.st.stm32cube.ide.mcu.externaltools.gnu-tools-for-stm32.9-2020-q2-update.win32_2.0.0.202105311346/tools/bin/../lib/gcc/arm-none-eabi/9.3.1/../../../../arm-none-eabi/lib/thumb/v7-m/nofp\libc_nano.a(lib_a-memmove.o)
 .debug_frame   0x00000000000047f0       0x38 f:/stm32cubeide_1.7.0/stm32cubeide/plugins/com.st.stm32cube.ide.mcu.externaltools.gnu-tools-for-stm32.9-2020-q2-update.win32_2.0.0.202105311346/tools/bin/../lib/gcc/arm-none-eabi/9.3.1/../../../../arm-none-eabi/lib/thumb/v7-m/nofp\libc_nano.a(lib_a-nano-freer.o)
 .debug_frame   0x0000000000004828       0x30 f:/stm32cubeide_1.7.0/stm32cubeide/plugins/com.st.stm32cube.ide.mcu.externaltools.gnu-tools-for-stm32.9-2020-q2-update.win32_2.0.0.202105311346/tools/bin/../lib/gcc/arm-none-eabi/9.3.1/../../../../arm-none-eabi/lib/thumb/v7-m/nofp\libc_nano.a(lib_a-nano-mallocr.o)
 .debug_frame   0x0000000000004858       0x3c f:/stm32cubeide_1.7.0/stm32cubeide/plugins/com.st.stm32cube.ide.mcu.externaltools.gnu-tools-for-stm32.9-2020-q2-update.win32_2.0.0.202105311346/tools/bin/../lib/gcc/arm-none-eabi/9.3.1/../../../../arm-none-eabi/lib/thumb/v7-m/nofp\libc_nano.a(lib_a-nano-reallocr.o)
 .debug_frame   0x0000000000004894       0x2c f:/stm32cubeide_1.7.0/stm32cubeide/plugins/com.st.stm32cube.ide.mcu.externaltools.gnu-tools-for-stm32.9-2020-q2-update.win32_2.0.0.202105311346/tools/bin/../lib/gcc/arm-none-eabi/9.3.1/../../../../arm-none-eabi/lib/thumb/v7-m/nofp\libc_nano.a(lib_a-sbrkr.o)
 .debug_frame   0x00000000000048c0       0x30 f:/stm32cubeide_1.7.0/stm32cubeide/plugins/com.st.stm32cube.ide.mcu.externaltools.gnu-tools-for-stm32.9-2020-q2-update.win32_2.0.0.202105311346/tools/bin/../lib/gcc/arm-none-eabi/9.3.1/../../../../arm-none-eabi/lib/thumb/v7-m/nofp\libc_nano.a(lib_a-mlock.o)
 .debug_frame   0x00000000000048f0       0x20 f:/stm32cubeide_1.7.0/stm32cubeide/plugins/com.st.stm32cube.ide.mcu.externaltools.gnu-tools-for-stm32.9-2020-q2-update.win32_2.0.0.202105311346/tools/bin/../lib/gcc/arm-none-eabi/9.3.1/../../../../arm-none-eabi/lib/thumb/v7-m/nofp\libc_nano.a(lib_a-nano-msizer.o)
 .debug_frame   0x0000000000004910       0x5c f:/stm32cubeide_1.7.0/stm32cubeide/plugins/com.st.stm32cube.ide.mcu.externaltools.gnu-tools-for-stm32.9-2020-q2-update.win32_2.0.0.202105311346/tools/bin/../lib/gcc/arm-none-eabi/9.3.1/../../../../arm-none-eabi/lib/thumb/v7-m/nofp\libc_nano.a(lib_a-reent.o)