app_i2c_lcd.c:111:6:LCD_Testing	24	static
app_i2c_lcd.c:132:6:init	0	static
app_i2c_lcd.c:198:6:setRowOffsets	8	static
app_i2c_lcd.c:399:6:writeI2c	24	static
app_i2c_lcd.c:379:6:pulseEnable	16	static
app_i2c_lcd.c:391:6:write4bits	8	static
app_i2c_lcd.c:369:6:send	16	static
app_i2c_lcd.c:352:13:command	0	static
app_i2c_lcd.c:211:6:clear	8	static
app_i2c_lcd.c:220:6:home	8	static
app_i2c_lcd.c:229:6:setCursor	0	static
app_i2c_lcd.c:245:6:noDisplay	0	static
app_i2c_lcd.c:253:6:display	0	static
app_i2c_lcd.c:261:6:noCursor	0	static
app_i2c_lcd.c:269:6:cursor	0	static
app_i2c_lcd.c:277:6:noBlink	0	static
app_i2c_lcd.c:285:6:blink	0	static
app_i2c_lcd.c:293:6:scrollDisplayLeft	0	static
app_i2c_lcd.c:300:6:scrollDisplayRight	0	static
app_i2c_lcd.c:307:6:leftToRight	0	static
app_i2c_lcd.c:315:6:rightToLeft	0	static
app_i2c_lcd.c:323:6:autoscroll	0	static
app_i2c_lcd.c:331:6:noAutoscroll	0	static
app_i2c_lcd.c:359:16:write	8	static
app_i2c_lcd.c:339:6:createChar	16	static
app_i2c_lcd.c:140:6:begin	16	static
app_i2c_lcd.c:118:6:FaBoLCD_PCF8574	24	static
app_i2c_lcd.c:431:6:Lcd_Initialization	0	static
app_i2c_lcd.c:436:6:Lcd_Send_Cmd	0	static
app_i2c_lcd.c:441:6:Lcd_Send_Data	0	static
app_i2c_lcd.c:448:6:Lcd_Send_String	8	static
app_i2c_lcd.c:453:6:Lcd_Clear_Display	0	static
app_i2c_lcd.c:458:6:Lcd_Goto_XY	0	static
app_i2c_lcd.c:464:6:Show_Box_ID	24	static
app_i2c_lcd.c:473:6:Show_KWH	24	static
